Archive member included to satisfy reference by file (symbol)

C:/ST/STM32CubeIDE_1.9.0/STM32CubeIDE/plugins/com.st.stm32cube.ide.mcu.externaltools.gnu-tools-for-stm32.11.3.rel1.win32_1.1.100.202309141235/tools/bin/../lib/gcc/arm-none-eabi/11.3.1/../../../../arm-none-eabi/lib/thumb/v6-m/nofp\libc_nano.a(libc_a-exit.o)
                              C:/ST/STM32CubeIDE_1.9.0/STM32CubeIDE/plugins/com.st.stm32cube.ide.mcu.externaltools.gnu-tools-for-stm32.11.3.rel1.win32_1.1.100.202309141235/tools/bin/../lib/gcc/arm-none-eabi/11.3.1/../../../../arm-none-eabi/lib/thumb/v6-m/nofp/crt0.o (exit)
C:/ST/STM32CubeIDE_1.9.0/STM32CubeIDE/plugins/com.st.stm32cube.ide.mcu.externaltools.gnu-tools-for-stm32.11.3.rel1.win32_1.1.100.202309141235/tools/bin/../lib/gcc/arm-none-eabi/11.3.1/../../../../arm-none-eabi/lib/thumb/v6-m/nofp\libc_nano.a(libc_a-itoa.o)
                              ./Core/Src/main.o (itoa)
C:/ST/STM32CubeIDE_1.9.0/STM32CubeIDE/plugins/com.st.stm32cube.ide.mcu.externaltools.gnu-tools-for-stm32.11.3.rel1.win32_1.1.100.202309141235/tools/bin/../lib/gcc/arm-none-eabi/11.3.1/../../../../arm-none-eabi/lib/thumb/v6-m/nofp\libc_nano.a(libc_a-utoa.o)
                              C:/ST/STM32CubeIDE_1.9.0/STM32CubeIDE/plugins/com.st.stm32cube.ide.mcu.externaltools.gnu-tools-for-stm32.11.3.rel1.win32_1.1.100.202309141235/tools/bin/../lib/gcc/arm-none-eabi/11.3.1/../../../../arm-none-eabi/lib/thumb/v6-m/nofp\libc_nano.a(libc_a-itoa.o) (__utoa)
C:/ST/STM32CubeIDE_1.9.0/STM32CubeIDE/plugins/com.st.stm32cube.ide.mcu.externaltools.gnu-tools-for-stm32.11.3.rel1.win32_1.1.100.202309141235/tools/bin/../lib/gcc/arm-none-eabi/11.3.1/../../../../arm-none-eabi/lib/thumb/v6-m/nofp\libc_nano.a(libc_a-findfp.o)
                              C:/ST/STM32CubeIDE_1.9.0/STM32CubeIDE/plugins/com.st.stm32cube.ide.mcu.externaltools.gnu-tools-for-stm32.11.3.rel1.win32_1.1.100.202309141235/tools/bin/../lib/gcc/arm-none-eabi/11.3.1/../../../../arm-none-eabi/lib/thumb/v6-m/nofp\libc_nano.a(libc_a-exit.o) (__stdio_exit_handler)
C:/ST/STM32CubeIDE_1.9.0/STM32CubeIDE/plugins/com.st.stm32cube.ide.mcu.externaltools.gnu-tools-for-stm32.11.3.rel1.win32_1.1.100.202309141235/tools/bin/../lib/gcc/arm-none-eabi/11.3.1/../../../../arm-none-eabi/lib/thumb/v6-m/nofp\libc_nano.a(libc_a-fwalk.o)
                              C:/ST/STM32CubeIDE_1.9.0/STM32CubeIDE/plugins/com.st.stm32cube.ide.mcu.externaltools.gnu-tools-for-stm32.11.3.rel1.win32_1.1.100.202309141235/tools/bin/../lib/gcc/arm-none-eabi/11.3.1/../../../../arm-none-eabi/lib/thumb/v6-m/nofp\libc_nano.a(libc_a-findfp.o) (_fwalk_sglue)
C:/ST/STM32CubeIDE_1.9.0/STM32CubeIDE/plugins/com.st.stm32cube.ide.mcu.externaltools.gnu-tools-for-stm32.11.3.rel1.win32_1.1.100.202309141235/tools/bin/../lib/gcc/arm-none-eabi/11.3.1/../../../../arm-none-eabi/lib/thumb/v6-m/nofp\libc_nano.a(libc_a-snprintf.o)
                              ./Core/Src/ssd1306_tests.o (snprintf)
C:/ST/STM32CubeIDE_1.9.0/STM32CubeIDE/plugins/com.st.stm32cube.ide.mcu.externaltools.gnu-tools-for-stm32.11.3.rel1.win32_1.1.100.202309141235/tools/bin/../lib/gcc/arm-none-eabi/11.3.1/../../../../arm-none-eabi/lib/thumb/v6-m/nofp\libc_nano.a(libc_a-stdio.o)
                              C:/ST/STM32CubeIDE_1.9.0/STM32CubeIDE/plugins/com.st.stm32cube.ide.mcu.externaltools.gnu-tools-for-stm32.11.3.rel1.win32_1.1.100.202309141235/tools/bin/../lib/gcc/arm-none-eabi/11.3.1/../../../../arm-none-eabi/lib/thumb/v6-m/nofp\libc_nano.a(libc_a-findfp.o) (__sread)
C:/ST/STM32CubeIDE_1.9.0/STM32CubeIDE/plugins/com.st.stm32cube.ide.mcu.externaltools.gnu-tools-for-stm32.11.3.rel1.win32_1.1.100.202309141235/tools/bin/../lib/gcc/arm-none-eabi/11.3.1/../../../../arm-none-eabi/lib/thumb/v6-m/nofp\libc_nano.a(libc_a-memmove.o)
                              ./Core/Src/ssd1306_tests.o (memmove)
C:/ST/STM32CubeIDE_1.9.0/STM32CubeIDE/plugins/com.st.stm32cube.ide.mcu.externaltools.gnu-tools-for-stm32.11.3.rel1.win32_1.1.100.202309141235/tools/bin/../lib/gcc/arm-none-eabi/11.3.1/../../../../arm-none-eabi/lib/thumb/v6-m/nofp\libc_nano.a(libc_a-memset.o)
                              C:/ST/STM32CubeIDE_1.9.0/STM32CubeIDE/plugins/com.st.stm32cube.ide.mcu.externaltools.gnu-tools-for-stm32.11.3.rel1.win32_1.1.100.202309141235/tools/bin/../lib/gcc/arm-none-eabi/11.3.1/../../../../arm-none-eabi/lib/thumb/v6-m/nofp/crt0.o (memset)
C:/ST/STM32CubeIDE_1.9.0/STM32CubeIDE/plugins/com.st.stm32cube.ide.mcu.externaltools.gnu-tools-for-stm32.11.3.rel1.win32_1.1.100.202309141235/tools/bin/../lib/gcc/arm-none-eabi/11.3.1/../../../../arm-none-eabi/lib/thumb/v6-m/nofp\libc_nano.a(libc_a-closer.o)
                              C:/ST/STM32CubeIDE_1.9.0/STM32CubeIDE/plugins/com.st.stm32cube.ide.mcu.externaltools.gnu-tools-for-stm32.11.3.rel1.win32_1.1.100.202309141235/tools/bin/../lib/gcc/arm-none-eabi/11.3.1/../../../../arm-none-eabi/lib/thumb/v6-m/nofp\libc_nano.a(libc_a-stdio.o) (_close_r)
[...]
Memory Configuration

Name             Origin             Length             Attributes
RAM              0x0000000020000000 0x0000000000002000 xrw
FLASH            0x0000000008000000 0x0000000000008000 xr
*default*        0x0000000000000000 0xffffffffffffffff

Linker script and memory map

LOAD C:/ST/STM32CubeIDE_1.9.0/STM32CubeIDE/plugins/com.st.stm32cube.ide.mcu.externaltools.gnu-tools-for-stm32.11.3.rel1.win32_1.1.100.202309141235/tools/bin/../lib/gcc/arm-none-eabi/11.3.1/thumb/v6-m/nofp/crti.o
LOAD C:/ST/STM32CubeIDE_1.9.0/STM32CubeIDE/plugins/com.st.stm32cube.ide.mcu.externaltools.gnu-tools-for-stm32.11.3.rel1.win32_1.1.100.202309141235/tools/bin/../lib/gcc/arm-none-eabi/11.3.1/thumb/v6-m/nofp/crtbegin.o
LOAD C:/ST/STM32CubeIDE_1.9.0/STM32CubeIDE/plugins/com.st.stm32cube.ide.mcu.externaltools.gnu-tools-for-stm32.11.3.rel1.win32_1.1.100.202309141235/tools/bin/../lib/gcc/arm-none-eabi/11.3.1/../../../../arm-none-eabi/lib/thumb/v6-m/nofp/crt0.o
LOAD ./Core/Src/DS3231lib.o
LOAD ./Core/Src/EEPROM.o
LOAD ./Core/Src/main.o
LOAD ./Core/Src/motor.o
LOAD ./Core/Src/ssd1306.o
LOAD ./Core/Src/ssd1306_fonts.o
LOAD ./Core/Src/ssd1306_tests.o
LOAD ./Core/Src/stm32g0xx_hal_msp.o
LOAD ./Core/Src/stm32g0xx_it.o
LOAD ./Core/Src/storeSettings.o
LOAD ./Core/Src/syscalls.o
LOAD ./Core/Src/sysmem.o
LOAD ./Core/Src/system_stm32g0xx.o
LOAD ./Core/Startup/startup_stm32g030f6px.o
LOAD ./Drivers/STM32G0xx_HAL_Driver/Src/stm32g0xx_hal.o
LOAD ./Drivers/STM32G0xx_HAL_Driver/Src/stm32g0xx_hal_cortex.o
LOAD ./Drivers/STM32G0xx_HAL_Driver/Src/stm32g0xx_hal_dma.o
LOAD ./Drivers/STM32G0xx_HAL_Driver/Src/stm32g0xx_hal_dma_ex.o
LOAD ./Drivers/STM32G0xx_HAL_Driver/Src/stm32g0xx_hal_exti.o
LOAD ./Drivers/STM32G0xx_HAL_Driver/Src/stm32g0xx_hal_flash.o
LOAD ./Drivers/STM32G0xx_HAL_Driver/Src/stm32g0xx_hal_flash_ex.o
LOAD ./Drivers/STM32G0xx_HAL_Driver/Src/stm32g0xx_hal_gpio.o
LOAD ./Drivers/STM32G0xx_HAL_Driver/Src/stm32g0xx_hal_i2c.o
LOAD ./Drivers/STM32G0xx_HAL_Driver/Src/stm32g0xx_hal_i2c_ex.o
LOAD ./Drivers/STM32G0xx_HAL_Driver/Src/stm32g0xx_hal_pwr.o
LOAD ./Drivers/STM32G0xx_HAL_Driver/Src/stm32g0xx_hal_pwr_ex.o
LOAD ./Drivers/STM32G0xx_HAL_Driver/Src/stm32g0xx_hal_rcc.o
LOAD ./Drivers/STM32G0xx_HAL_Driver/Src/stm32g0xx_hal_rcc_ex.o
LOAD ./Drivers/STM32G0xx_HAL_Driver/Src/stm32g0xx_hal_tim.o
LOAD ./Drivers/STM32G0xx_HAL_Driver/Src/stm32g0xx_hal_tim_ex.o
LOAD ./Drivers/STM32G0xx_HAL_Driver/Src/stm32g0xx_ll_dma.o
LOAD ./Drivers/STM32G0xx_HAL_Driver/Src/stm32g0xx_ll_rcc.o
START GROUP
LOAD C:/ST/STM32CubeIDE_1.9.0/STM32CubeIDE/plugins/com.st.stm32cube.ide.mcu.externaltools.gnu-tools-for-stm32.11.3.rel1.win32_1.1.100.202309141235/tools/bin/../lib/gcc/arm-none-eabi/11.3.1/../../../../arm-none-eabi/lib/thumb/v6-m/nofp\libc_nano.a
LOAD C:/ST/STM32CubeIDE_1.9.0/STM32CubeIDE/plugins/com.st.stm32cube.ide.mcu.externaltools.gnu-tools-for-stm32.11.3.rel1.win32_1.1.100.202309141235/tools/bin/../lib/gcc/arm-none-eabi/11.3.1/../../../../arm-none-eabi/lib/thumb/v6-m/nofp\libm.a
END GROUP
START GROUP
LOAD C:/ST/STM32CubeIDE_1.9.0/STM32CubeIDE/plugins/com.st.stm32cube.ide.mcu.externaltools.gnu-tools-for-stm32.11.3.rel1.win32_1.1.100.202309141235/tools/bin/../lib/gcc/arm-none-eabi/11.3.1/thumb/v6-m/nofp\libgcc.a
LOAD C:/ST/STM32CubeIDE_1.9.0/STM32CubeIDE/plugins/com.st.stm32cube.ide.mcu.externaltools.gnu-tools-for-stm32.11.3.rel1.win32_1.1.100.202309141235/tools/bin/../lib/gcc/arm-none-eabi/11.3.1/../../../../arm-none-eabi/lib/thumb/v6-m/nofp\libc_nano.a
END GROUP
START GROUP
LOAD C:/ST/STM32CubeIDE_1.9.0/STM32CubeIDE/plugins/com.st.stm32cube.ide.mcu.externaltools.gnu-tools-for-stm32.11.3.rel1.win32_1.1.100.202309141235/tools/bin/../lib/gcc/arm-none-eabi/11.3.1/thumb/v6-m/nofp\libgcc.a
LOAD C:/ST/STM32CubeIDE_1.9.0/STM32CubeIDE/plugins/com.st.stm32cube.ide.mcu.externaltools.gnu-tools-for-stm32.11.3.rel1.win32_1.1.100.202309141235/tools/bin/../lib/gcc/arm-none-eabi/11.3.1/../../../../arm-none-eabi/lib/thumb/v6-m/nofp\libc_nano.a
LOAD C:/ST/STM32CubeIDE_1.9.0/STM32CubeIDE/plugins/com.st.stm32cube.ide.mcu.externaltools.gnu-tools-for-stm32.11.3.rel1.win32_1.1.100.202309141235/tools/bin/../lib/gcc/arm-none-eabi/11.3.1/../../../../arm-none-eabi/lib/thumb/v6-m/nofp\libnosys.a
END GROUP
START GROUP
LOAD C:/ST/STM32CubeIDE_1.9.0/STM32CubeIDE/plugins/com.st.stm32cube.ide.mcu.externaltools.gnu-tools-for-stm32.11.3.rel1.win32_1.1.100.202309141235/tools/bin/../lib/gcc/arm-none-eabi/11.3.1/thumb/v6-m/nofp\libgcc.a
LOAD C:/ST/STM32CubeIDE_1.9.0/STM32CubeIDE/plugins/com.st.stm32cube.ide.mcu.externaltools.gnu-tools-for-stm32.11.3.rel1.win32_1.1.100.202309141235/tools/bin/../lib/gcc/arm-none-eabi/11.3.1/../../../../arm-none-eabi/lib/thumb/v6-m/nofp\libc_nano.a
LOAD C:/ST/STM32CubeIDE_1.9.0/STM32CubeIDE/plugins/com.st.stm32cube.ide.mcu.externaltools.gnu-tools-for-stm32.11.3.rel1.win32_1.1.100.202309141235/tools/bin/../lib/gcc/arm-none-eabi/11.3.1/../../../../arm-none-eabi/lib/thumb/v6-m/nofp\libnosys.a
END GROUP
LOAD C:/ST/STM32CubeIDE_1.9.0/STM32CubeIDE/plugins/com.st.stm32cube.ide.mcu.externaltools.gnu-tools-for-stm32.11.3.rel1.win32_1.1.100.202309141235/tools/bin/../lib/gcc/arm-none-eabi/11.3.1/thumb/v6-m/nofp/crtend.o
LOAD C:/ST/STM32CubeIDE_1.9.0/STM32CubeIDE/plugins/com.st.stm32cube.ide.mcu.externaltools.gnu-tools-for-stm32.11.3.rel1.win32_1.1.100.202309141235/tools/bin/../lib/gcc/arm-none-eabi/11.3.1/thumb/v6-m/nofp/crtn.o
                0x0000000020002000                _estack = (ORIGIN (RAM) + LENGTH (RAM))
                0x0000000000000200                _Min_Heap_Size = 0x200
                0x0000000000000400                _Min_Stack_Size = 0x400

.isr_vector     0x0000000008000000       0xb8
                0x0000000008000000                . = ALIGN (0x4)
 *(.isr_vector)
 .isr_vector    0x0000000008000000       0xb8 ./Core/Startup/startup_stm32g030f6px.o
                0x0000000008000000                g_pfnVectors
                0x00000000080000b8                . = ALIGN (0x4)

.text           0x00000000080000b8     0x34e4
                0x00000000080000b8                . = ALIGN (0x4)
 *(.text)
 .text          0x00000000080000b8       0x48 C:/ST/STM32CubeIDE_1.9.0/STM32CubeIDE/plugins/com.st.stm32cube.ide.mcu.externaltools.gnu-tools-for-stm32.11.3.rel1.win32_1.1.100.202309141235/tools/bin/../lib/gcc/arm-none-eabi/11.3.1/thumb/v6-m/nofp/crtbegin.o
 .text          0x0000000008000100       0x14 C:/ST/STM32CubeIDE_1.9.0/STM32CubeIDE/plugins/com.st.stm32cube.ide.mcu.externaltools.gnu-tools-for-stm32.11.3.rel1.win32_1.1.100.202309141235/tools/bin/../lib/gcc/arm-none-eabi/11.3.1/thumb/v6-m/nofp\libgcc.a(_thumb1_case_uqi.o)
                0x0000000008000100                __gnu_thumb1_case_uqi
 .text          0x0000000008000114      0x114 C:/ST/STM32CubeIDE_1.9.0/STM32CubeIDE/plugins/com.st.stm32cube.ide.mcu.externaltools.gnu-tools-for-stm32.11.3.rel1.win32_1.1.100.202309141235/tools/bin/../lib/gcc/arm-none-eabi/11.3.1/thumb/v6-m/nofp\libgcc.a(_udivsi3.o)
                0x0000000008000114                __aeabi_uidiv
                0x0000000008000114                __udivsi3
                0x0000000008000220                __aeabi_uidivmod
 .text          0x0000000008000228      0x1d4 C:/ST/STM32CubeIDE_1.9.0/STM32CubeIDE/plugins/com.st.stm32cube.ide.mcu.externaltools.gnu-tools-for-stm32.11.3.rel1.win32_1.1.100.202309141235/tools/bin/../lib/gcc/arm-none-eabi/11.3.1/thumb/v6-m/nofp\libgcc.a(_divsi3.o)
                0x0000000008000228                __divsi3
                0x0000000008000228                __aeabi_idiv
                0x00000000080003f4                __aeabi_idivmod
 .text          0x00000000080003fc        0x4 C:/ST/STM32CubeIDE_1.9.0/STM32CubeIDE/plugins/com.st.stm32cube.ide.mcu.externaltools.gnu-tools-for-stm32.11.3.rel1.win32_1.1.100.202309141235/tools/bin/../lib/gcc/arm-none-eabi/11.3.1/thumb/v6-m/nofp\libgcc.a(_dvmd_tls.o)
                0x00000000080003fc                __aeabi_idiv0
                0x00000000080003fc                __aeabi_ldiv0
 *(.text*)
 .text.decToBcd
                0x0000000008000400       0x1a ./Core/Src/DS3231lib.o
                0x0000000008000400                decToBcd
 .text.bcdToDec
                0x000000000800041a       0x10 ./Core/Src/DS3231lib.o
                0x000000000800041a                bcdToDec
 .text.Set_Time
                0x000000000800042a       0x70 ./Core/Src/DS3231lib.o
                0x000000000800042a                Set_Time
 .text.Get_Time
                0x000000000800049a       0x72 ./Core/Src/DS3231lib.o
                0x000000000800049a                Get_Time
 .text.EEPROM_Write
                0x000000000800050c       0x68 ./Core/Src/EEPROM.o
                0x000000000800050c                EEPROM_Write
 .text.EEPROM_Read
                0x0000000008000574       0x64 ./Core/Src/EEPROM.o
                0x0000000008000574                EEPROM_Read
 .text.SystemClock_Config
                0x00000000080005d8       0x76 ./Core/Src/main.o
                0x00000000080005d8                SystemClock_Config
 *fill*         0x000000000800064e        0x2 
 .text.menuStart
                0x0000000008000650       0x6c ./Core/Src/main.o
                0x0000000008000650                menuStart
 .text.printGear
                0x00000000080006bc       0x34 ./Core/Src/main.o
                0x00000000080006bc                printGear
 .text.menuSettings
                0x00000000080006f0      0x138 ./Core/Src/main.o
                0x00000000080006f0                menuSettings
 .text.printMealType
                0x0000000008000828       0x58 ./Core/Src/main.o
                0x0000000008000828                printMealType
 .text.printMealStatus
                0x0000000008000880       0x70 ./Core/Src/main.o
                0x0000000008000880                printMealStatus
 .text.mealCheck
                0x00000000080008f0       0x84 ./Core/Src/main.o
                0x00000000080008f0                mealCheck
 .text.PrintNumber
                0x0000000008000974       0x30 ./Core/Src/main.o
                0x0000000008000974                PrintNumber
 .text.menuSetTime
                0x00000000080009a4       0xe4 ./Core/Src/main.o
                0x00000000080009a4                menuSetTime
 .text.menuSetType
                0x0000000008000a88      0x180 ./Core/Src/main.o
                0x0000000008000a88                menuSetType
 .text.printTime
                0x0000000008000c08       0x88 ./Core/Src/main.o
                0x0000000008000c08                printTime
 .text.printMealTime
                0x0000000008000c90      0x11c ./Core/Src/main.o
                0x0000000008000c90                printMealTime
 .text.menuSetMeal
                0x0000000008000dac      0x178 ./Core/Src/main.o
                0x0000000008000dac                menuSetMeal
 .text.menuMain
                0x0000000008000f24      0x190 ./Core/Src/main.o
                0x0000000008000f24                menuMain
 .text.startup.main
                0x00000000080010b4      0x3d0 ./Core/Src/main.o
                0x00000000080010b4                main
 .text.HAL_TIM_PeriodElapsedCallback
                0x0000000008001484       0x30 ./Core/Src/main.o
                0x0000000008001484                HAL_TIM_PeriodElapsedCallback
 .text.HAL_GPIO_EXTI_Rising_Callback
                0x00000000080014b4      0x3e4 ./Core/Src/main.o
                0x00000000080014b4                HAL_GPIO_EXTI_Rising_Callback
 .text.Error_Handler
                0x0000000008001898        0x4 ./Core/Src/main.o
                0x0000000008001898                Error_Handler
 .text.disableMotor
                0x000000000800189c       0x3c ./Core/Src/motor.o
                0x000000000800189c                disableMotor
 .text.quatrerTurn
                0x00000000080018d8      0x120 ./Core/Src/motor.o
                0x00000000080018d8                quatrerTurn
 .text.printFeeding
                0x00000000080019f8       0x2c ./Core/Src/motor.o
                0x00000000080019f8                printFeeding
 .text.ssd1306_WriteCommand
                0x0000000008001a24       0x28 ./Core/Src/ssd1306.o
                0x0000000008001a24                ssd1306_WriteCommand
 .text.ssd1306_WriteData
                0x0000000008001a4c       0x24 ./Core/Src/ssd1306.o
                0x0000000008001a4c                ssd1306_WriteData
 .text.ssd1306_Fill
                0x0000000008001a70       0x1c ./Core/Src/ssd1306.o
                0x0000000008001a70                ssd1306_Fill
 .text.ssd1306_UpdateScreen
                0x0000000008001a8c       0x30 ./Core/Src/ssd1306.o
                0x0000000008001a8c                ssd1306_UpdateScreen
 .text.ssd1306_DrawPixel
                0x0000000008001abc       0x34 ./Core/Src/ssd1306.o
                0x0000000008001abc                ssd1306_DrawPixel
 .text.ssd1306_WriteChar
                0x0000000008001af0       0xa0 ./Core/Src/ssd1306.o
                0x0000000008001af0                ssd1306_WriteChar
 .text.ssd1306_WriteString
                0x0000000008001b90       0x28 ./Core/Src/ssd1306.o
                0x0000000008001b90                ssd1306_WriteString
 .text.ssd1306_SetCursor
                0x0000000008001bb8        0xc ./Core/Src/ssd1306.o
                0x0000000008001bb8                ssd1306_SetCursor
 .text.ssd1306_Line
                0x0000000008001bc4       0x90 ./Core/Src/ssd1306.o
                0x0000000008001bc4                ssd1306_Line
 .text.ssd1306_DrawBitmap
                0x0000000008001c54       0x7e ./Core/Src/ssd1306.o
                0x0000000008001c54                ssd1306_DrawBitmap
 .text.ssd1306_SetContrast
                0x0000000008001cd2       0x12 ./Core/Src/ssd1306.o
                0x0000000008001cd2                ssd1306_SetContrast
 .text.ssd1306_SetDisplayOn
                0x0000000008001ce4       0x1c ./Core/Src/ssd1306.o
                0x0000000008001ce4                ssd1306_SetDisplayOn
 .text.ssd1306_Init
                0x0000000008001d00       0xc8 ./Core/Src/ssd1306.o
                0x0000000008001d00                ssd1306_Init
 .text.HAL_MspInit
                0x0000000008001dc8       0x30 ./Core/Src/stm32g0xx_hal_msp.o
                0x0000000008001dc8                HAL_MspInit
 .text.HAL_I2C_MspInit
                0x0000000008001df8       0x84 ./Core/Src/stm32g0xx_hal_msp.o
                0x0000000008001df8                HAL_I2C_MspInit
 .text.HAL_TIM_Base_MspInit
                0x0000000008001e7c       0x38 ./Core/Src/stm32g0xx_hal_msp.o
                0x0000000008001e7c                HAL_TIM_Base_MspInit
 .text.NMI_Handler
                0x0000000008001eb4        0x2 ./Core/Src/stm32g0xx_it.o
                0x0000000008001eb4                NMI_Handler
 .text.HardFault_Handler
                0x0000000008001eb6        0x2 ./Core/Src/stm32g0xx_it.o
                0x0000000008001eb6                HardFault_Handler
 .text.SVC_Handler
                0x0000000008001eb8        0x2 ./Core/Src/stm32g0xx_it.o
                0x0000000008001eb8                SVC_Handler
 .text.PendSV_Handler
                0x0000000008001eba        0x2 ./Core/Src/stm32g0xx_it.o
                0x0000000008001eba                PendSV_Handler
 .text.SysTick_Handler
                0x0000000008001ebc        0x8 ./Core/Src/stm32g0xx_it.o
                0x0000000008001ebc                SysTick_Handler
 .text.EXTI4_15_IRQHandler
                0x0000000008001ec4       0x16 ./Core/Src/stm32g0xx_it.o
                0x0000000008001ec4                EXTI4_15_IRQHandler
 *fill*         0x0000000008001eda        0x2 
 .text.TIM14_IRQHandler
                0x0000000008001edc       0x10 ./Core/Src/stm32g0xx_it.o
                0x0000000008001edc                TIM14_IRQHandler
 .text.storeSettings
                0x0000000008001eec       0x5c ./Core/Src/storeSettings.o
                0x0000000008001eec                storeSettings
 .text.getSettings
                0x0000000008001f48       0x54 ./Core/Src/storeSettings.o
                0x0000000008001f48                getSettings
 .text.SystemInit
                0x0000000008001f9c        0x2 ./Core/Src/system_stm32g0xx.o
                0x0000000008001f9c                SystemInit
 *fill*         0x0000000008001f9e        0x2 
 .text.Reset_Handler
                0x0000000008001fa0       0x50 ./Core/Startup/startup_stm32g030f6px.o
                0x0000000008001fa0                Reset_Handler
 .text.Default_Handler
                0x0000000008001ff0        0x2 ./Core/Startup/startup_stm32g030f6px.o
                0x0000000008001ff0                TIM1_CC_IRQHandler
                0x0000000008001ff0                I2C1_IRQHandler
                0x0000000008001ff0                RTC_TAMP_IRQHandler
                0x0000000008001ff0                SPI1_IRQHandler
                0x0000000008001ff0                DMA1_Ch4_5_DMAMUX1_OVR_IRQHandler
                0x0000000008001ff0                EXTI2_3_IRQHandler
                0x0000000008001ff0                ADC1_IRQHandler
                0x0000000008001ff0                I2C2_IRQHandler
                0x0000000008001ff0                TIM17_IRQHandler
                0x0000000008001ff0                TIM16_IRQHandler
                0x0000000008001ff0                TIM3_IRQHandler
                0x0000000008001ff0                RCC_IRQHandler
                0x0000000008001ff0                DMA1_Channel1_IRQHandler
                0x0000000008001ff0                Default_Handler
                0x0000000008001ff0                EXTI0_1_IRQHandler
                0x0000000008001ff0                SPI2_IRQHandler
                0x0000000008001ff0                WWDG_IRQHandler
                0x0000000008001ff0                DMA1_Channel2_3_IRQHandler
                0x0000000008001ff0                USART2_IRQHandler
                0x0000000008001ff0                FLASH_IRQHandler
                0x0000000008001ff0                USART1_IRQHandler
                0x0000000008001ff0                TIM1_BRK_UP_TRG_COM_IRQHandler
 *fill*         0x0000000008001ff2        0x2 
 .text.HAL_InitTick
                0x0000000008001ff4       0x50 ./Drivers/STM32G0xx_HAL_Driver/Src/stm32g0xx_hal.o
                0x0000000008001ff4                HAL_InitTick
 .text.HAL_Init
                0x0000000008002044       0x28 ./Drivers/STM32G0xx_HAL_Driver/Src/stm32g0xx_hal.o
                0x0000000008002044                HAL_Init
 .text.HAL_IncTick
                0x000000000800206c       0x18 ./Drivers/STM32G0xx_HAL_Driver/Src/stm32g0xx_hal.o
                0x000000000800206c                HAL_IncTick
 .text.HAL_GetTick
                0x0000000008002084        0xc ./Drivers/STM32G0xx_HAL_Driver/Src/stm32g0xx_hal.o
                0x0000000008002084                HAL_GetTick
 .text.HAL_Delay
                0x0000000008002090       0x24 ./Drivers/STM32G0xx_HAL_Driver/Src/stm32g0xx_hal.o
                0x0000000008002090                HAL_Delay
 .text.HAL_NVIC_SetPriority
                0x00000000080020b4       0x54 ./Drivers/STM32G0xx_HAL_Driver/Src/stm32g0xx_hal_cortex.o
                0x00000000080020b4                HAL_NVIC_SetPriority
 .text.HAL_NVIC_EnableIRQ
                0x0000000008002108       0x18 ./Drivers/STM32G0xx_HAL_Driver/Src/stm32g0xx_hal_cortex.o
                0x0000000008002108                HAL_NVIC_EnableIRQ
 .text.HAL_SYSTICK_Config
                0x0000000008002120       0x34 ./Drivers/STM32G0xx_HAL_Driver/Src/stm32g0xx_hal_cortex.o
                0x0000000008002120                HAL_SYSTICK_Config
 .text.HAL_GPIO_Init
                0x0000000008002154      0x164 ./Drivers/STM32G0xx_HAL_Driver/Src/stm32g0xx_hal_gpio.o
                0x0000000008002154                HAL_GPIO_Init
 .text.HAL_GPIO_WritePin
                0x00000000080022b8        0xc ./Drivers/STM32G0xx_HAL_Driver/Src/stm32g0xx_hal_gpio.o
                0x00000000080022b8                HAL_GPIO_WritePin
 .text.HAL_GPIO_TogglePin
                0x00000000080022c4       0x10 ./Drivers/STM32G0xx_HAL_Driver/Src/stm32g0xx_hal_gpio.o
                0x00000000080022c4                HAL_GPIO_TogglePin
 .text.HAL_GPIO_EXTI_Falling_Callback
                0x00000000080022d4        0x2 ./Drivers/STM32G0xx_HAL_Driver/Src/stm32g0xx_hal_gpio.o
                0x00000000080022d4                HAL_GPIO_EXTI_Falling_Callback
 *fill*         0x00000000080022d6        0x2 
 .text.HAL_GPIO_EXTI_IRQHandler
                0x00000000080022d8       0x28 ./Drivers/STM32G0xx_HAL_Driver/Src/stm32g0xx_hal_gpio.o
                0x00000000080022d8                HAL_GPIO_EXTI_IRQHandler
 .text.I2C_Flush_TXDR
                0x0000000008002300       0x1c ./Drivers/STM32G0xx_HAL_Driver/Src/stm32g0xx_hal_i2c.o
 .text.I2C_TransferConfig
                0x000000000800231c       0x2c ./Drivers/STM32G0xx_HAL_Driver/Src/stm32g0xx_hal_i2c.o
 .text.I2C_IsErrorOccurred
                0x0000000008002348      0x104 ./Drivers/STM32G0xx_HAL_Driver/Src/stm32g0xx_hal_i2c.o
 .text.I2C_WaitOnTXISFlagUntilTimeout
                0x000000000800244c       0x54 ./Drivers/STM32G0xx_HAL_Driver/Src/stm32g0xx_hal_i2c.o
 .text.I2C_WaitOnFlagUntilTimeout
                0x00000000080024a0       0x50 ./Drivers/STM32G0xx_HAL_Driver/Src/stm32g0xx_hal_i2c.o
 .text.I2C_WaitOnSTOPFlagUntilTimeout
                0x00000000080024f0       0x50 ./Drivers/STM32G0xx_HAL_Driver/Src/stm32g0xx_hal_i2c.o
 .text.HAL_I2C_Init
                0x0000000008002540       0xac ./Drivers/STM32G0xx_HAL_Driver/Src/stm32g0xx_hal_i2c.o
                0x0000000008002540                HAL_I2C_Init
 .text.HAL_I2C_Mem_Write
                0x00000000080025ec      0x1c4 ./Drivers/STM32G0xx_HAL_Driver/Src/stm32g0xx_hal_i2c.o
                0x00000000080025ec                HAL_I2C_Mem_Write
 .text.HAL_I2C_Mem_Read
                0x00000000080027b0      0x1cc ./Drivers/STM32G0xx_HAL_Driver/Src/stm32g0xx_hal_i2c.o
                0x00000000080027b0                HAL_I2C_Mem_Read
 .text.HAL_I2CEx_ConfigAnalogFilter
                0x000000000800297c       0x4c ./Drivers/STM32G0xx_HAL_Driver/Src/stm32g0xx_hal_i2c_ex.o
                0x000000000800297c                HAL_I2CEx_ConfigAnalogFilter
 .text.HAL_I2CEx_ConfigDigitalFilter
                0x00000000080029c8       0x48 ./Drivers/STM32G0xx_HAL_Driver/Src/stm32g0xx_hal_i2c_ex.o
                0x00000000080029c8                HAL_I2CEx_ConfigDigitalFilter
 .text.HAL_PWREx_ControlVoltageScaling
                0x0000000008002a10       0x58 ./Drivers/STM32G0xx_HAL_Driver/Src/stm32g0xx_hal_pwr_ex.o
                0x0000000008002a10                HAL_PWREx_ControlVoltageScaling
 .text.HAL_RCC_OscConfig
                0x0000000008002a68      0x434 ./Drivers/STM32G0xx_HAL_Driver/Src/stm32g0xx_hal_rcc.o
                0x0000000008002a68                HAL_RCC_OscConfig
 .text.HAL_RCC_GetSysClockFreq
                0x0000000008002e9c       0x88 ./Drivers/STM32G0xx_HAL_Driver/Src/stm32g0xx_hal_rcc.o
                0x0000000008002e9c                HAL_RCC_GetSysClockFreq
 .text.HAL_RCC_ClockConfig
                0x0000000008002f24      0x15c ./Drivers/STM32G0xx_HAL_Driver/Src/stm32g0xx_hal_rcc.o
                0x0000000008002f24                HAL_RCC_ClockConfig
 .text.HAL_RCCEx_PeriphCLKConfig
                0x0000000008003080      0x154 ./Drivers/STM32G0xx_HAL_Driver/Src/stm32g0xx_hal_rcc_ex.o
                0x0000000008003080                HAL_RCCEx_PeriphCLKConfig
 .text.HAL_TIM_Base_Start_IT
                0x00000000080031d4       0x58 ./Drivers/STM32G0xx_HAL_Driver/Src/stm32g0xx_hal_tim.o
                0x00000000080031d4                HAL_TIM_Base_Start_IT
 .text.HAL_TIM_OC_DelayElapsedCallback
                0x000000000800322c        0x2 ./Drivers/STM32G0xx_HAL_Driver/Src/stm32g0xx_hal_tim.o
                0x000000000800322c                HAL_TIM_OC_DelayElapsedCallback
 .text.HAL_TIM_IC_CaptureCallback
                0x000000000800322e        0x2 ./Drivers/STM32G0xx_HAL_Driver/Src/stm32g0xx_hal_tim.o
                0x000000000800322e                HAL_TIM_IC_CaptureCallback
 .text.HAL_TIM_PWM_PulseFinishedCallback
                0x0000000008003230        0x2 ./Drivers/STM32G0xx_HAL_Driver/Src/stm32g0xx_hal_tim.o
                0x0000000008003230                HAL_TIM_PWM_PulseFinishedCallback
 .text.HAL_TIM_TriggerCallback
                0x0000000008003232        0x2 ./Drivers/STM32G0xx_HAL_Driver/Src/stm32g0xx_hal_tim.o
                0x0000000008003232                HAL_TIM_TriggerCallback
 .text.HAL_TIM_IRQHandler
                0x0000000008003234      0x168 ./Drivers/STM32G0xx_HAL_Driver/Src/stm32g0xx_hal_tim.o
                0x0000000008003234                HAL_TIM_IRQHandler
 .text.TIM_Base_SetConfig
                0x000000000800339c       0x80 ./Drivers/STM32G0xx_HAL_Driver/Src/stm32g0xx_hal_tim.o
                0x000000000800339c                TIM_Base_SetConfig
 .text.HAL_TIM_Base_Init
                0x000000000800341c       0x54 ./Drivers/STM32G0xx_HAL_Driver/Src/stm32g0xx_hal_tim.o
                0x000000000800341c                HAL_TIM_Base_Init
 .text.HAL_TIMEx_CommutCallback
                0x0000000008003470        0x2 ./Drivers/STM32G0xx_HAL_Driver/Src/stm32g0xx_hal_tim_ex.o
                0x0000000008003470                HAL_TIMEx_CommutCallback
 .text.HAL_TIMEx_BreakCallback
                0x0000000008003472        0x2 ./Drivers/STM32G0xx_HAL_Driver/Src/stm32g0xx_hal_tim_ex.o
                0x0000000008003472                HAL_TIMEx_BreakCallback
 .text.HAL_TIMEx_Break2Callback
                0x0000000008003474        0x2 ./Drivers/STM32G0xx_HAL_Driver/Src/stm32g0xx_hal_tim_ex.o
                0x0000000008003474                HAL_TIMEx_Break2Callback
 .text.__itoa   0x0000000008003476       0x30 C:/ST/STM32CubeIDE_1.9.0/STM32CubeIDE/plugins/com.st.stm32cube.ide.mcu.externaltools.gnu-tools-for-stm32.11.3.rel1.win32_1.1.100.202309141235/tools/bin/../lib/gcc/arm-none-eabi/11.3.1/../../../../arm-none-eabi/lib/thumb/v6-m/nofp\libc_nano.a(libc_a-itoa.o)
                0x0000000008003476                __itoa
 .text.itoa     0x00000000080034a6        0x8 C:/ST/STM32CubeIDE_1.9.0/STM32CubeIDE/plugins/com.st.stm32cube.ide.mcu.externaltools.gnu-tools-for-stm32.11.3.rel1.win32_1.1.100.202309141235/tools/bin/../lib/gcc/arm-none-eabi/11.3.1/../../../../arm-none-eabi/lib/thumb/v6-m/nofp\libc_nano.a(libc_a-itoa.o)
                0x00000000080034a6                itoa
 *fill*         0x00000000080034ae        0x2 
 .text.__utoa   0x00000000080034b0       0x68 C:/ST/STM32CubeIDE_1.9.0/STM32CubeIDE/plugins/com.st.stm32cube.ide.mcu.externaltools.gnu-tools-for-stm32.11.3.rel1.win32_1.1.100.202309141235/tools/bin/../lib/gcc/arm-none-eabi/11.3.1/../../../../arm-none-eabi/lib/thumb/v6-m/nofp\libc_nano.a(libc_a-utoa.o)
                0x00000000080034b0                __utoa
 .text.memset   0x0000000008003518       0x10 C:/ST/STM32CubeIDE_1.9.0/STM32CubeIDE/plugins/com.st.stm32cube.ide.mcu.externaltools.gnu-tools-for-stm32.11.3.rel1.win32_1.1.100.202309141235/tools/bin/../lib/gcc/arm-none-eabi/11.3.1/../../../../arm-none-eabi/lib/thumb/v6-m/nofp\libc_nano.a(libc_a-memset.o)
                0x0000000008003518                memset
 .text.__libc_init_array
                0x0000000008003528       0x48 C:/ST/STM32CubeIDE_1.9.0/STM32CubeIDE/plugins/com.st.stm32cube.ide.mcu.externaltools.gnu-tools-for-stm32.11.3.rel1.win32_1.1.100.202309141235/tools/bin/../lib/gcc/arm-none-eabi/11.3.1/../../../../arm-none-eabi/lib/thumb/v6-m/nofp\libc_nano.a(libc_a-init.o)
                0x0000000008003528                __libc_init_array
 .text.memcpy   0x0000000008003570       0x12 C:/ST/STM32CubeIDE_1.9.0/STM32CubeIDE/plugins/com.st.stm32cube.ide.mcu.externaltools.gnu-tools-for-stm32.11.3.rel1.win32_1.1.100.202309141235/tools/bin/../lib/gcc/arm-none-eabi/11.3.1/../../../../arm-none-eabi/lib/thumb/v6-m/nofp\libc_nano.a(libc_a-memcpy-stub.o)
                0x0000000008003570                memcpy
 *(.glue_7)
 .glue_7        0x0000000008003582        0x0 linker stubs
 *(.glue_7t)
 .glue_7t       0x0000000008003582        0x0 linker stubs
 *(.eh_frame)
 *fill*         0x0000000008003582        0x2 
 .eh_frame      0x0000000008003584        0x0 C:/ST/STM32CubeIDE_1.9.0/STM32CubeIDE/plugins/com.st.stm32cube.ide.mcu.externaltools.gnu-tools-for-stm32.11.3.rel1.win32_1.1.100.202309141235/tools/bin/../lib/gcc/arm-none-eabi/11.3.1/thumb/v6-m/nofp/crtbegin.o
 *(.init)
 .init          0x0000000008003584        0x4 C:/ST/STM32CubeIDE_1.9.0/STM32CubeIDE/plugins/com.st.stm32cube.ide.mcu.externaltools.gnu-tools-for-stm32.11.3.rel1.win32_1.1.100.202309141235/tools/bin/../lib/gcc/arm-none-eabi/11.3.1/thumb/v6-m/nofp/crti.o
                0x0000000008003584                _init
 .init          0x0000000008003588        0x8 C:/ST/STM32CubeIDE_1.9.0/STM32CubeIDE/plugins/com.st.stm32cube.ide.mcu.externaltools.gnu-tools-for-stm32.11.3.rel1.win32_1.1.100.202309141235/tools/bin/../lib/gcc/arm-none-eabi/11.3.1/thumb/v6-m/nofp/crtn.o
 *(.fini)
 .fini          0x0000000008003590        0x4 C:/ST/STM32CubeIDE_1.9.0/STM32CubeIDE/plugins/com.st.stm32cube.ide.mcu.externaltools.gnu-tools-for-stm32.11.3.rel1.win32_1.1.100.202309141235/tools/bin/../lib/gcc/arm-none-eabi/11.3.1/thumb/v6-m/nofp/crti.o
                0x0000000008003590                _fini
 .fini          0x0000000008003594        0x8 C:/ST/STM32CubeIDE_1.9.0/STM32CubeIDE/plugins/com.st.stm32cube.ide.mcu.externaltools.gnu-tools-for-stm32.11.3.rel1.win32_1.1.100.202309141235/tools/bin/../lib/gcc/arm-none-eabi/11.3.1/thumb/v6-m/nofp/crtn.o
                0x000000000800359c                . = ALIGN (0x4)
                0x000000000800359c                _etext = .

.vfp11_veneer   0x000000000800359c        0x0
 .vfp11_veneer  0x000000000800359c        0x0 linker stubs

.v4_bx          0x000000000800359c        0x0
 .v4_bx         0x000000000800359c        0x0 linker stubs

.iplt           0x000000000800359c        0x0
 .iplt          0x000000000800359c        0x0 C:/ST/STM32CubeIDE_1.9.0/STM32CubeIDE/plugins/com.st.stm32cube.ide.mcu.externaltools.gnu-tools-for-stm32.11.3.rel1.win32_1.1.100.202309141235/tools/bin/../lib/gcc/arm-none-eabi/11.3.1/thumb/v6-m/nofp/crtbegin.o

.rodata         0x000000000800359c     0x1694
                0x000000000800359c                . = ALIGN (0x4)
 *(.rodata)
 *(.rodata*)
 .rodata.menuStart.str1.1
                0x000000000800359c       0x1e ./Core/Src/main.o
 .rodata.menuSettings.str1.1
                0x00000000080035ba       0x2c ./Core/Src/main.o
 .rodata.printMealType.str1.1
                0x00000000080035e6       0x19 ./Core/Src/main.o
 .rodata.menuSetTime.str1.1
                0x00000000080035ff       0x1d ./Core/Src/main.o
 .rodata.menuSetType.str1.1
                0x000000000800361c       0x23 ./Core/Src/main.o
                                         0x29 (size before relaxing)
 .rodata.menuSetMeal.str1.1
                0x000000000800363f       0x1e ./Core/Src/main.o
 .rodata.menuMain.str1.1
                0x000000000800365d        0x9 ./Core/Src/main.o
 .rodata.main.str1.1
                0x0000000008003666       0x17 ./Core/Src/main.o
 .rodata.attivo
                0x000000000800367d       0x14 ./Core/Src/main.o
                0x000000000800367d                attivo
 .rodata.attivoInv
                0x0000000008003691       0x14 ./Core/Src/main.o
                0x0000000008003691                attivoInv
 .rodata.ingranaggio
                0x00000000080036a5       0x14 ./Core/Src/main.o
                0x00000000080036a5                ingranaggio
 .rodata.ingranaggioInv
                0x00000000080036b9       0x14 ./Core/Src/main.o
                0x00000000080036b9                ingranaggioInv
 .rodata.nonAttivo
                0x00000000080036cd       0x14 ./Core/Src/main.o
                0x00000000080036cd                nonAttivo
 .rodata.nonAttivoInv
                0x00000000080036e1       0x14 ./Core/Src/main.o
                0x00000000080036e1                nonAttivoInv
 .rodata.printFeeding.str1.1
                0x00000000080036f5        0xa ./Core/Src/motor.o
 *fill*         0x00000000080036ff        0x1 
 .rodata.Font11x18
                0x0000000008003700      0xd5c ./Core/Src/ssd1306_fonts.o
 .rodata.Font7x10
                0x000000000800445c      0x76c ./Core/Src/ssd1306_fonts.o
 .rodata.AHBPrescTable
                0x0000000008004bc8       0x40 ./Core/Src/system_stm32g0xx.o
                0x0000000008004bc8                AHBPrescTable
 .rodata.__utoa.str1.1
                0x0000000008004c08       0x25 C:/ST/STM32CubeIDE_1.9.0/STM32CubeIDE/plugins/com.st.stm32cube.ide.mcu.externaltools.gnu-tools-for-stm32.11.3.rel1.win32_1.1.100.202309141235/tools/bin/../lib/gcc/arm-none-eabi/11.3.1/../../../../arm-none-eabi/lib/thumb/v6-m/nofp\libc_nano.a(libc_a-utoa.o)
                0x0000000008004c30                . = ALIGN (0x4)
 *fill*         0x0000000008004c2d        0x3 

.rel.dyn        0x0000000008004c30        0x0
 .rel.iplt      0x0000000008004c30        0x0 C:/ST/STM32CubeIDE_1.9.0/STM32CubeIDE/plugins/com.st.stm32cube.ide.mcu.externaltools.gnu-tools-for-stm32.11.3.rel1.win32_1.1.100.202309141235/tools/bin/../lib/gcc/arm-none-eabi/11.3.1/thumb/v6-m/nofp/crtbegin.o

.ARM.extab      0x0000000008004c30        0x0
                0x0000000008004c30                . = ALIGN (0x4)
 *(.ARM.extab* .gnu.linkonce.armextab.*)
                0x0000000008004c30                . = ALIGN (0x4)

.ARM            0x0000000008004c30        0x0
                0x0000000008004c30                . = ALIGN (0x4)
                0x0000000008004c30                __exidx_start = .
 *(.ARM.exidx*)
                0x0000000008004c30                __exidx_end = .
                0x0000000008004c30                . = ALIGN (0x4)

.preinit_array  0x0000000008004c30        0x0
                0x0000000008004c30                . = ALIGN (0x4)
                0x0000000008004c30                PROVIDE (__preinit_array_start = .)
 *(.preinit_array*)
                0x0000000008004c30                PROVIDE (__preinit_array_end = .)
                0x0000000008004c30                . = ALIGN (0x4)

.init_array     0x0000000008004c30        0x4
                0x0000000008004c30                . = ALIGN (0x4)
                0x0000000008004c30                PROVIDE (__init_array_start = .)
 *(SORT_BY_NAME(.init_array.*))
 *(.init_array*)
 .init_array    0x0000000008004c30        0x4 C:/ST/STM32CubeIDE_1.9.0/STM32CubeIDE/plugins/com.st.stm32cube.ide.mcu.externaltools.gnu-tools-for-stm32.11.3.rel1.win32_1.1.100.202309141235/tools/bin/../lib/gcc/arm-none-eabi/11.3.1/thumb/v6-m/nofp/crtbegin.o
                0x0000000008004c34                PROVIDE (__init_array_end = .)
                0x0000000008004c34                . = ALIGN (0x4)

.fini_array     0x0000000008004c34        0x4
                0x0000000008004c34                . = ALIGN (0x4)
                [!provide]                        PROVIDE (__fini_array_start = .)
 *(SORT_BY_NAME(.fini_array.*))
 *(.fini_array*)
 .fini_array    0x0000000008004c34        0x4 C:/ST/STM32CubeIDE_1.9.0/STM32CubeIDE/plugins/com.st.stm32cube.ide.mcu.externaltools.gnu-tools-for-stm32.11.3.rel1.win32_1.1.100.202309141235/tools/bin/../lib/gcc/arm-none-eabi/11.3.1/thumb/v6-m/nofp/crtbegin.o
                [!provide]                        PROVIDE (__fini_array_end = .)
                0x0000000008004c38                . = ALIGN (0x4)
                0x0000000008004c38                _sidata = LOADADDR (.data)

.data           0x0000000020000000       0x20 load address 0x0000000008004c38
                0x0000000020000000                . = ALIGN (0x4)
                0x0000000020000000                _sdata = .
 *(.data)
 *(.data*)
 .data.color    0x0000000020000000        0x1 ./Core/Src/main.o
                0x0000000020000000                color
 .data.status   0x0000000020000001        0x1 ./Core/Src/main.o
                0x0000000020000001                status
 *fill*         0x0000000020000002        0x2 
 .data.Font_11x18
                0x0000000020000004        0x8 ./Core/Src/ssd1306_fonts.o
                0x0000000020000004                Font_11x18
 .data.Font_7x10
                0x000000002000000c        0x8 ./Core/Src/ssd1306_fonts.o
                0x000000002000000c                Font_7x10
 .data.SystemCoreClock
                0x0000000020000014        0x4 ./Core/Src/system_stm32g0xx.o
                0x0000000020000014                SystemCoreClock
 .data.uwTickFreq
                0x0000000020000018        0x1 ./Drivers/STM32G0xx_HAL_Driver/Src/stm32g0xx_hal.o
                0x0000000020000018                uwTickFreq
 *fill*         0x0000000020000019        0x3 
 .data.uwTickPrio
                0x000000002000001c        0x4 ./Drivers/STM32G0xx_HAL_Driver/Src/stm32g0xx_hal.o
                0x000000002000001c                uwTickPrio
 *(.RamFunc)
 *(.RamFunc*)
                0x0000000020000020                . = ALIGN (0x4)
                0x0000000020000020                _edata = .

.igot.plt       0x0000000020000020        0x0 load address 0x0000000008004c58
 .igot.plt      0x0000000020000020        0x0 C:/ST/STM32CubeIDE_1.9.0/STM32CubeIDE/plugins/com.st.stm32cube.ide.mcu.externaltools.gnu-tools-for-stm32.11.3.rel1.win32_1.1.100.202309141235/tools/bin/../lib/gcc/arm-none-eabi/11.3.1/thumb/v6-m/nofp/crtbegin.o
                0x0000000020000020                . = ALIGN (0x4)

.bss            0x0000000020000020      0x500 load address 0x0000000008004c58
                0x0000000020000020                _sbss = .
                0x0000000020000020                __bss_start__ = _sbss
 *(.bss)
 .bss           0x0000000020000020       0x1c C:/ST/STM32CubeIDE_1.9.0/STM32CubeIDE/plugins/com.st.stm32cube.ide.mcu.externaltools.gnu-tools-for-stm32.11.3.rel1.win32_1.1.100.202309141235/tools/bin/../lib/gcc/arm-none-eabi/11.3.1/thumb/v6-m/nofp/crtbegin.o
 *(.bss*)
 .bss.breakfast
                0x000000002000003c        0x1 ./Core/Src/main.o
                0x000000002000003c                breakfast
 .bss.buz       0x000000002000003d        0x1 ./Core/Src/main.o
                0x000000002000003d                buz
 *fill*         0x000000002000003e        0x2 
 .bss.buzT      0x0000000020000040        0x4 ./Core/Src/main.o
                0x0000000020000040                buzT
 .bss.contrastT
                0x0000000020000044        0x4 ./Core/Src/main.o
                0x0000000020000044                contrastT
 .bss.dinner    0x0000000020000048        0x1 ./Core/Src/main.o
                0x0000000020000048                dinner
 .bss.feed      0x0000000020000049        0x1 ./Core/Src/main.o
                0x0000000020000049                feed
 *fill*         0x000000002000004a        0x2 
 .bss.hi2c1     0x000000002000004c       0x54 ./Core/Src/main.o
                0x000000002000004c                hi2c1
 .bss.htim14    0x00000000200000a0       0x4c ./Core/Src/main.o
                0x00000000200000a0                htim14
 .bss.lineSel   0x00000000200000ec        0x1 ./Core/Src/main.o
                0x00000000200000ec                lineSel
 .bss.lunch     0x00000000200000ed        0x1 ./Core/Src/main.o
                0x00000000200000ed                lunch
 .bss.m1        0x00000000200000ee        0x4 ./Core/Src/main.o
                0x00000000200000ee                m1
 .bss.m2        0x00000000200000f2        0x4 ./Core/Src/main.o
                0x00000000200000f2                m2
 .bss.m3        0x00000000200000f6        0x4 ./Core/Src/main.o
                0x00000000200000f6                m3
 .bss.menu      0x00000000200000fa        0x1 ./Core/Src/main.o
                0x00000000200000fa                menu
 .bss.pastoDaServ
                0x00000000200000fb        0x1 ./Core/Src/main.o
                0x00000000200000fb                pastoDaServ
 .bss.qtySel    0x00000000200000fc        0x1 ./Core/Src/main.o
                0x00000000200000fc                qtySel
 .bss.setTime   0x00000000200000fd        0x1 ./Core/Src/main.o
                0x00000000200000fd                setTime
 .bss.storeSet  0x00000000200000fe        0x1 ./Core/Src/main.o
                0x00000000200000fe                storeSet
 .bss.time      0x00000000200000ff        0x7 ./Core/Src/main.o
                0x00000000200000ff                time
 .bss.timeSel   0x0000000020000106        0x1 ./Core/Src/main.o
                0x0000000020000106                timeSel
 .bss.timetoset
                0x0000000020000107        0x7 ./Core/Src/main.o
                0x0000000020000107                timetoset
 *fill*         0x000000002000010e        0x2 
 .bss.vibration
                0x0000000020000110        0x4 ./Core/Src/motor.o
                0x0000000020000110                vibration
 .bss.SSD1306   0x0000000020000114        0x6 ./Core/Src/ssd1306.o
 .bss.SSD1306_Buffer
                0x000000002000011a      0x400 ./Core/Src/ssd1306.o
 *fill*         0x000000002000051a        0x2 
 .bss.uwTick    0x000000002000051c        0x4 ./Drivers/STM32G0xx_HAL_Driver/Src/stm32g0xx_hal.o
                0x000000002000051c                uwTick
 *(COMMON)
                0x0000000020000520                . = ALIGN (0x4)
                0x0000000020000520                _ebss = .
                0x0000000020000520                __bss_end__ = _ebss

._user_heap_stack
                0x0000000020000520      0x600 load address 0x0000000008004c58
                0x0000000020000520                . = ALIGN (0x8)
                [!provide]                        PROVIDE (end = .)
                0x0000000020000520                PROVIDE (_end = .)
                0x0000000020000720                . = (. + _Min_Heap_Size)
 *fill*         0x0000000020000520      0x200 
                0x0000000020000b20                . = (. + _Min_Stack_Size)
 *fill*         0x0000000020000720      0x400 
                0x0000000020000b20                . = ALIGN (0x8)

/DISCARD/
 libc.a(*)
 libm.a(*)
 libgcc.a(*)

.ARM.attributes
                0x0000000000000000       0x28
 *(.ARM.attributes)
 .ARM.attributes
                0x0000000000000000       0x1e C:/ST/STM32CubeIDE_1.9.0/STM32CubeIDE/plugins/com.st.stm32cube.ide.mcu.externaltools.gnu-tools-for-stm32.11.3.rel1.win32_1.1.100.202309141235/tools/bin/../lib/gcc/arm-none-eabi/11.3.1/thumb/v6-m/nofp/crti.o
 .ARM.attributes
                0x000000000000001e       0x2c C:/ST/STM32CubeIDE_1.9.0/STM32CubeIDE/plugins/com.st.stm32cube.ide.mcu.externaltools.gnu-tools-for-stm32.11.3.rel1.win32_1.1.100.202309141235/tools/bin/../lib/gcc/arm-none-eabi/11.3.1/thumb/v6-m/nofp/crtbegin.o
 .ARM.attributes
                0x000000000000004a       0x2c ./Core/Src/DS3231lib.o
 .ARM.attributes
                0x0000000000000076       0x2c ./Core/Src/EEPROM.o
 .ARM.attributes
                0x00000000000000a2       0x2c ./Core/Src/main.o
 .ARM.attributes
                0x00000000000000ce       0x2c ./Core/Src/motor.o
 .ARM.attributes
                0x00000000000000fa       0x2c ./Core/Src/ssd1306.o
 .ARM.attributes
                0x0000000000000126       0x2c ./Core/Src/ssd1306_fonts.o
 .ARM.attributes
                0x0000000000000152       0x2c ./Core/Src/stm32g0xx_hal_msp.o
 .ARM.attributes
                0x000000000000017e       0x2c ./Core/Src/stm32g0xx_it.o
 .ARM.attributes
                0x00000000000001aa       0x2c ./Core/Src/storeSettings.o
 .ARM.attributes
                0x00000000000001d6       0x2c ./Core/Src/system_stm32g0xx.o
 .ARM.attributes
                0x0000000000000202       0x22 ./Core/Startup/startup_stm32g030f6px.o
 .ARM.attributes
                0x0000000000000224       0x2c ./Drivers/STM32G0xx_HAL_Driver/Src/stm32g0xx_hal.o
 .ARM.attributes
                0x0000000000000250       0x2c ./Drivers/STM32G0xx_HAL_Driver/Src/stm32g0xx_hal_cortex.o
 .ARM.attributes
                0x000000000000027c       0x2c ./Drivers/STM32G0xx_HAL_Driver/Src/stm32g0xx_hal_gpio.o
 .ARM.attributes
                0x00000000000002a8       0x2c ./Drivers/STM32G0xx_HAL_Driver/Src/stm32g0xx_hal_i2c.o
 .ARM.attributes
                0x00000000000002d4       0x2c ./Drivers/STM32G0xx_HAL_Driver/Src/stm32g0xx_hal_i2c_ex.o
 .ARM.attributes
                0x0000000000000300       0x2c ./Drivers/STM32G0xx_HAL_Driver/Src/stm32g0xx_hal_pwr_ex.o
 .ARM.attributes
                0x000000000000032c       0x2c ./Drivers/STM32G0xx_HAL_Driver/Src/stm32g0xx_hal_rcc.o
 .ARM.attributes
                0x0000000000000358       0x2c ./Drivers/STM32G0xx_HAL_Driver/Src/stm32g0xx_hal_rcc_ex.o
 .ARM.attributes
                0x0000000000000384       0x2c ./Drivers/STM32G0xx_HAL_Driver/Src/stm32g0xx_hal_tim.o
 .ARM.attributes
                0x00000000000003b0       0x2c ./Drivers/STM32G0xx_HAL_Driver/Src/stm32g0xx_hal_tim_ex.o
 .ARM.attributes
                0x00000000000003dc       0x2c C:/ST/STM32CubeIDE_1.9.0/STM32CubeIDE/plugins/com.st.stm32cube.ide.mcu.externaltools.gnu-tools-for-stm32.11.3.rel1.win32_1.1.100.202309141235/tools/bin/../lib/gcc/arm-none-eabi/11.3.1/../../../../arm-none-eabi/lib/thumb/v6-m/nofp\libc_nano.a(libc_a-itoa.o)
 .ARM.attributes
                0x0000000000000408       0x2c C:/ST/STM32CubeIDE_1.9.0/STM32CubeIDE/plugins/com.st.stm32cube.ide.mcu.externaltools.gnu-tools-for-stm32.11.3.rel1.win32_1.1.100.202309141235/tools/bin/../lib/gcc/arm-none-eabi/11.3.1/../../../../arm-none-eabi/lib/thumb/v6-m/nofp\libc_nano.a(libc_a-utoa.o)
 .ARM.attributes
                0x0000000000000434       0x2c C:/ST/STM32CubeIDE_1.9.0/STM32CubeIDE/plugins/com.st.stm32cube.ide.mcu.externaltools.gnu-tools-for-stm32.11.3.rel1.win32_1.1.100.202309141235/tools/bin/../lib/gcc/arm-none-eabi/11.3.1/../../../../arm-none-eabi/lib/thumb/v6-m/nofp\libc_nano.a(libc_a-memset.o)
 .ARM.attributes
                0x0000000000000460       0x2c C:/ST/STM32CubeIDE_1.9.0/STM32CubeIDE/plugins/com.st.stm32cube.ide.mcu.externaltools.gnu-tools-for-stm32.11.3.rel1.win32_1.1.100.202309141235/tools/bin/../lib/gcc/arm-none-eabi/11.3.1/../../../../arm-none-eabi/lib/thumb/v6-m/nofp\libc_nano.a(libc_a-init.o)
 .ARM.attributes
                0x000000000000048c       0x2c C:/ST/STM32CubeIDE_1.9.0/STM32CubeIDE/plugins/com.st.stm32cube.ide.mcu.externaltools.gnu-tools-for-stm32.11.3.rel1.win32_1.1.100.202309141235/tools/bin/../lib/gcc/arm-none-eabi/11.3.1/../../../../arm-none-eabi/lib/thumb/v6-m/nofp\libc_nano.a(libc_a-memcpy-stub.o)
 .ARM.attributes
                0x00000000000004b8       0x1e C:/ST/STM32CubeIDE_1.9.0/STM32CubeIDE/plugins/com.st.stm32cube.ide.mcu.externaltools.gnu-tools-for-stm32.11.3.rel1.win32_1.1.100.202309141235/tools/bin/../lib/gcc/arm-none-eabi/11.3.1/thumb/v6-m/nofp\libgcc.a(_thumb1_case_uqi.o)
 .ARM.attributes
                0x00000000000004d6       0x1e C:/ST/STM32CubeIDE_1.9.0/STM32CubeIDE/plugins/com.st.stm32cube.ide.mcu.externaltools.gnu-tools-for-stm32.11.3.rel1.win32_1.1.100.202309141235/tools/bin/../lib/gcc/arm-none-eabi/11.3.1/thumb/v6-m/nofp\libgcc.a(_udivsi3.o)
 .ARM.attributes
                0x00000000000004f4       0x1e C:/ST/STM32CubeIDE_1.9.0/STM32CubeIDE/plugins/com.st.stm32cube.ide.mcu.externaltools.gnu-tools-for-stm32.11.3.rel1.win32_1.1.100.202309141235/tools/bin/../lib/gcc/arm-none-eabi/11.3.1/thumb/v6-m/nofp\libgcc.a(_divsi3.o)
 .ARM.attributes
                0x0000000000000512       0x1e C:/ST/STM32CubeIDE_1.9.0/STM32CubeIDE/plugins/com.st.stm32cube.ide.mcu.externaltools.gnu-tools-for-stm32.11.3.rel1.win32_1.1.100.202309141235/tools/bin/../lib/gcc/arm-none-eabi/11.3.1/thumb/v6-m/nofp\libgcc.a(_dvmd_tls.o)
 .ARM.attributes
                0x0000000000000530       0x1e C:/ST/STM32CubeIDE_1.9.0/STM32CubeIDE/plugins/com.st.stm32cube.ide.mcu.externaltools.gnu-tools-for-stm32.11.3.rel1.win32_1.1.100.202309141235/tools/bin/../lib/gcc/arm-none-eabi/11.3.1/thumb/v6-m/nofp/crtn.o
OUTPUT(automatic pet feeder.elf elf32-littlearm)
LOAD linker stubs
LOAD C:/ST/STM32CubeIDE_1.9.0/STM32CubeIDE/plugins/com.st.stm32cube.ide.mcu.externaltools.gnu-tools-for-stm32.11.3.rel1.win32_1.1.100.202309141235/tools/bin/../lib/gcc/arm-none-eabi/11.3.1/../../../../arm-none-eabi/lib/thumb/v6-m/nofp\libc.a
LOAD C:/ST/STM32CubeIDE_1.9.0/STM32CubeIDE/plugins/com.st.stm32cube.ide.mcu.externaltools.gnu-tools-for-stm32.11.3.rel1.win32_1.1.100.202309141235/tools/bin/../lib/gcc/arm-none-eabi/11.3.1/../../../../arm-none-eabi/lib/thumb/v6-m/nofp\libm.a
LOAD C:/ST/STM32CubeIDE_1.9.0/STM32CubeIDE/plugins/com.st.stm32cube.ide.mcu.externaltools.gnu-tools-for-stm32.11.3.rel1.win32_1.1.100.202309141235/tools/bin/../lib/gcc/arm-none-eabi/11.3.1/thumb/v6-m/nofp\libgcc.a

.comment        0x0000000000000000       0x43
 .comment       0x0000000000000000       0x43 C:/ST/STM32CubeIDE_1.9.0/STM32CubeIDE/plugins/com.st.stm32cube.ide.mcu.externaltools.gnu-tools-for-stm32.11.3.rel1.win32_1.1.100.202309141235/tools/bin/../lib/gcc/arm-none-eabi/11.3.1/thumb/v6-m/nofp/crtbegin.o
                                         0x44 (size before relaxing)
 .comment       0x0000000000000043       0x44 ./Core/Src/DS3231lib.o
 .comment       0x0000000000000043       0x44 ./Core/Src/EEPROM.o
 .comment       0x0000000000000043       0x44 ./Core/Src/main.o
 .comment       0x0000000000000043       0x44 ./Core/Src/motor.o
 .comment       0x0000000000000043       0x44 ./Core/Src/ssd1306.o
 .comment       0x0000000000000043       0x44 ./Core/Src/ssd1306_fonts.o
 .comment       0x0000000000000043       0x44 ./Core/Src/stm32g0xx_hal_msp.o
 .comment       0x0000000000000043       0x44 ./Core/Src/stm32g0xx_it.o
 .comment       0x0000000000000043       0x44 ./Core/Src/storeSettings.o
 .comment       0x0000000000000043       0x44 ./Core/Src/system_stm32g0xx.o
 .comment       0x0000000000000043       0x44 ./Drivers/STM32G0xx_HAL_Driver/Src/stm32g0xx_hal.o
 .comment       0x0000000000000043       0x44 ./Drivers/STM32G0xx_HAL_Driver/Src/stm32g0xx_hal_cortex.o
 .comment       0x0000000000000043       0x44 ./Drivers/STM32G0xx_HAL_Driver/Src/stm32g0xx_hal_gpio.o
 .comment       0x0000000000000043       0x44 ./Drivers/STM32G0xx_HAL_Driver/Src/stm32g0xx_hal_i2c.o
 .comment       0x0000000000000043       0x44 ./Drivers/STM32G0xx_HAL_Driver/Src/stm32g0xx_hal_i2c_ex.o
 .comment       0x0000000000000043       0x44 ./Drivers/STM32G0xx_HAL_Driver/Src/stm32g0xx_hal_pwr_ex.o
 .comment       0x0000000000000043       0x44 ./Drivers/STM32G0xx_HAL_Driver/Src/stm32g0xx_hal_rcc.o
 .comment       0x0000000000000043       0x44 ./Drivers/STM32G0xx_HAL_Driver/Src/stm32g0xx_hal_rcc_ex.o
 .comment       0x0000000000000043       0x44 ./Drivers/STM32G0xx_HAL_Driver/Src/stm32g0xx_hal_tim.o
 .comment       0x0000000000000043       0x44 ./Drivers/STM32G0xx_HAL_Driver/Src/stm32g0xx_hal_tim_ex.o

.debug_info     0x0000000000000000    0x16049
 .debug_info    0x0000000000000000      0xa84 ./Core/Src/DS3231lib.o
 .debug_info    0x0000000000000a84      0xdcc ./Core/Src/EEPROM.o
 .debug_info    0x0000000000001850     0x2b40 ./Core/Src/main.o
 .debug_info    0x0000000000004390      0x613 ./Core/Src/motor.o
 .debug_info    0x00000000000049a3     0x18bf ./Core/Src/ssd1306.o
 .debug_info    0x0000000000006262      0x1ca ./Core/Src/ssd1306_fonts.o
 .debug_info    0x000000000000642c     0x10ea ./Core/Src/stm32g0xx_hal_msp.o
 .debug_info    0x0000000000007516      0x86b ./Core/Src/stm32g0xx_it.o
 .debug_info    0x0000000000007d81      0x29f ./Core/Src/storeSettings.o
 .debug_info    0x0000000000008020      0x345 ./Core/Src/system_stm32g0xx.o
 .debug_info    0x0000000000008365       0x23 ./Core/Startup/startup_stm32g030f6px.o
 .debug_info    0x0000000000008388      0x9ed ./Drivers/STM32G0xx_HAL_Driver/Src/stm32g0xx_hal.o
 .debug_info    0x0000000000008d75      0x9f1 ./Drivers/STM32G0xx_HAL_Driver/Src/stm32g0xx_hal_cortex.o
 .debug_info    0x0000000000009766      0x5ed ./Drivers/STM32G0xx_HAL_Driver/Src/stm32g0xx_hal_gpio.o
 .debug_info    0x0000000000009d53     0x3e21 ./Drivers/STM32G0xx_HAL_Driver/Src/stm32g0xx_hal_i2c.o
 .debug_info    0x000000000000db74      0x9fe ./Drivers/STM32G0xx_HAL_Driver/Src/stm32g0xx_hal_i2c_ex.o
 .debug_info    0x000000000000e572      0x4f6 ./Drivers/STM32G0xx_HAL_Driver/Src/stm32g0xx_hal_pwr_ex.o
 .debug_info    0x000000000000ea68      0xd6b ./Drivers/STM32G0xx_HAL_Driver/Src/stm32g0xx_hal_rcc.o
 .debug_info    0x000000000000f7d3      0x805 ./Drivers/STM32G0xx_HAL_Driver/Src/stm32g0xx_hal_rcc_ex.o
 .debug_info    0x000000000000ffd8     0x4310 ./Drivers/STM32G0xx_HAL_Driver/Src/stm32g0xx_hal_tim.o
 .debug_info    0x00000000000142e8     0x1d61 ./Drivers/STM32G0xx_HAL_Driver/Src/stm32g0xx_hal_tim_ex.o

.debug_abbrev   0x0000000000000000     0x3582
 .debug_abbrev  0x0000000000000000      0x216 ./Core/Src/DS3231lib.o
 .debug_abbrev  0x0000000000000216      0x32c ./Core/Src/EEPROM.o
 .debug_abbrev  0x0000000000000542      0x496 ./Core/Src/main.o
 .debug_abbrev  0x00000000000009d8      0x21e ./Core/Src/motor.o
 .debug_abbrev  0x0000000000000bf6      0x484 ./Core/Src/ssd1306.o
 .debug_abbrev  0x000000000000107a       0xcd ./Core/Src/ssd1306_fonts.o
 .debug_abbrev  0x0000000000001147      0x24c ./Core/Src/stm32g0xx_hal_msp.o
 .debug_abbrev  0x0000000000001393      0x217 ./Core/Src/stm32g0xx_it.o
 .debug_abbrev  0x00000000000015aa      0x154 ./Core/Src/storeSettings.o
 .debug_abbrev  0x00000000000016fe      0x148 ./Core/Src/system_stm32g0xx.o
 .debug_abbrev  0x0000000000001846       0x12 ./Core/Startup/startup_stm32g030f6px.o
 .debug_abbrev  0x0000000000001858      0x33f ./Drivers/STM32G0xx_HAL_Driver/Src/stm32g0xx_hal.o
 .debug_abbrev  0x0000000000001b97      0x2cb ./Drivers/STM32G0xx_HAL_Driver/Src/stm32g0xx_hal_cortex.o
 .debug_abbrev  0x0000000000001e62      0x259 ./Drivers/STM32G0xx_HAL_Driver/Src/stm32g0xx_hal_gpio.o
 .debug_abbrev  0x00000000000020bb      0x3cf ./Drivers/STM32G0xx_HAL_Driver/Src/stm32g0xx_hal_i2c.o
 .debug_abbrev  0x000000000000248a      0x1ff ./Drivers/STM32G0xx_HAL_Driver/Src/stm32g0xx_hal_i2c_ex.o
 .debug_abbrev  0x0000000000002689      0x1fc ./Drivers/STM32G0xx_HAL_Driver/Src/stm32g0xx_hal_pwr_ex.o
 .debug_abbrev  0x0000000000002885      0x36b ./Drivers/STM32G0xx_HAL_Driver/Src/stm32g0xx_hal_rcc.o
 .debug_abbrev  0x0000000000002bf0      0x296 ./Drivers/STM32G0xx_HAL_Driver/Src/stm32g0xx_hal_rcc_ex.o
 .debug_abbrev  0x0000000000002e86      0x3c8 ./Drivers/STM32G0xx_HAL_Driver/Src/stm32g0xx_hal_tim.o
 .debug_abbrev  0x000000000000324e      0x334 ./Drivers/STM32G0xx_HAL_Driver/Src/stm32g0xx_hal_tim_ex.o

.debug_loclists
                0x0000000000000000     0x9588
 .debug_loclists
                0x0000000000000000      0x1f1 ./Core/Src/DS3231lib.o
 .debug_loclists
                0x00000000000001f1      0x36b ./Core/Src/EEPROM.o
 .debug_loclists
                0x000000000000055c      0x22a ./Core/Src/main.o
 .debug_loclists
                0x0000000000000786       0x41 ./Core/Src/motor.o
 .debug_loclists
                0x00000000000007c7      0x8ee ./Core/Src/ssd1306.o
 .debug_loclists
                0x00000000000010b5       0x70 ./Core/Src/stm32g0xx_hal_msp.o
 .debug_loclists
                0x0000000000001125       0xe6 ./Core/Src/storeSettings.o
 .debug_loclists
                0x000000000000120b       0xa0 ./Core/Src/system_stm32g0xx.o
 .debug_loclists
                0x00000000000012ab       0xfd ./Drivers/STM32G0xx_HAL_Driver/Src/stm32g0xx_hal.o
 .debug_loclists
                0x00000000000013a8      0x27f ./Drivers/STM32G0xx_HAL_Driver/Src/stm32g0xx_hal_cortex.o
 .debug_loclists
                0x0000000000001627      0x257 ./Drivers/STM32G0xx_HAL_Driver/Src/stm32g0xx_hal_gpio.o
 .debug_loclists
                0x000000000000187e     0x2bf8 ./Drivers/STM32G0xx_HAL_Driver/Src/stm32g0xx_hal_i2c.o
 .debug_loclists
                0x0000000000004476      0x112 ./Drivers/STM32G0xx_HAL_Driver/Src/stm32g0xx_hal_i2c_ex.o
 .debug_loclists
                0x0000000000004588      0x1bc ./Drivers/STM32G0xx_HAL_Driver/Src/stm32g0xx_hal_pwr_ex.o
 .debug_loclists
                0x0000000000004744      0x3fb ./Drivers/STM32G0xx_HAL_Driver/Src/stm32g0xx_hal_rcc.o
 .debug_loclists
                0x0000000000004b3f      0x326 ./Drivers/STM32G0xx_HAL_Driver/Src/stm32g0xx_hal_rcc_ex.o
 .debug_loclists
                0x0000000000004e65     0x34e4 ./Drivers/STM32G0xx_HAL_Driver/Src/stm32g0xx_hal_tim.o
 .debug_loclists
                0x0000000000008349     0x123f ./Drivers/STM32G0xx_HAL_Driver/Src/stm32g0xx_hal_tim_ex.o

.debug_aranges  0x0000000000000000      0xcf0
 .debug_aranges
                0x0000000000000000       0x38 ./Core/Src/DS3231lib.o
 .debug_aranges
                0x0000000000000038       0x58 ./Core/Src/EEPROM.o
 .debug_aranges
                0x0000000000000090       0xa8 ./Core/Src/main.o
 .debug_aranges
                0x0000000000000138       0x30 ./Core/Src/motor.o
 .debug_aranges
                0x0000000000000168       0xb8 ./Core/Src/ssd1306.o
 .debug_aranges
                0x0000000000000220       0x18 ./Core/Src/ssd1306_fonts.o
 .debug_aranges
                0x0000000000000238       0x40 ./Core/Src/stm32g0xx_hal_msp.o
 .debug_aranges
                0x0000000000000278       0x48 ./Core/Src/stm32g0xx_it.o
 .debug_aranges
                0x00000000000002c0       0x28 ./Core/Src/storeSettings.o
 .debug_aranges
                0x00000000000002e8       0x28 ./Core/Src/system_stm32g0xx.o
 .debug_aranges
                0x0000000000000310       0x28 ./Core/Startup/startup_stm32g030f6px.o
 .debug_aranges
                0x0000000000000338       0xf8 ./Drivers/STM32G0xx_HAL_Driver/Src/stm32g0xx_hal.o
 .debug_aranges
                0x0000000000000430       0x90 ./Drivers/STM32G0xx_HAL_Driver/Src/stm32g0xx_hal_cortex.o
 .debug_aranges
                0x00000000000004c0       0x58 ./Drivers/STM32G0xx_HAL_Driver/Src/stm32g0xx_hal_gpio.o
 .debug_aranges
                0x0000000000000518      0x240 ./Drivers/STM32G0xx_HAL_Driver/Src/stm32g0xx_hal_i2c.o
 .debug_aranges
                0x0000000000000758       0x48 ./Drivers/STM32G0xx_HAL_Driver/Src/stm32g0xx_hal_i2c_ex.o
 .debug_aranges
                0x00000000000007a0       0x98 ./Drivers/STM32G0xx_HAL_Driver/Src/stm32g0xx_hal_pwr_ex.o
 .debug_aranges
                0x0000000000000838       0x90 ./Drivers/STM32G0xx_HAL_Driver/Src/stm32g0xx_hal_rcc.o
 .debug_aranges
                0x00000000000008c8       0x40 ./Drivers/STM32G0xx_HAL_Driver/Src/stm32g0xx_hal_rcc_ex.o
 .debug_aranges
                0x0000000000000908      0x2a8 ./Drivers/STM32G0xx_HAL_Driver/Src/stm32g0xx_hal_tim.o
 .debug_aranges
                0x0000000000000bb0      0x140 ./Drivers/STM32G0xx_HAL_Driver/Src/stm32g0xx_hal_tim_ex.o

.debug_rnglists
                0x0000000000000000      0xd12
 .debug_rnglists
                0x0000000000000000       0x25 ./Core/Src/DS3231lib.o
 .debug_rnglists
                0x0000000000000025       0xa9 ./Core/Src/EEPROM.o
 .debug_rnglists
                0x00000000000000ce       0xb6 ./Core/Src/main.o
 .debug_rnglists
                0x0000000000000184       0x36 ./Core/Src/motor.o
 .debug_rnglists
                0x00000000000001ba       0xba ./Core/Src/ssd1306.o
 .debug_rnglists
                0x0000000000000274       0x68 ./Core/Src/stm32g0xx_hal_msp.o
 .debug_rnglists
                0x00000000000002dc       0x31 ./Core/Src/stm32g0xx_it.o
 .debug_rnglists
                0x000000000000030d       0x19 ./Core/Src/storeSettings.o
 .debug_rnglists
                0x0000000000000326       0x1a ./Core/Src/system_stm32g0xx.o
 .debug_rnglists
                0x0000000000000340       0x19 ./Core/Startup/startup_stm32g030f6px.o
 .debug_rnglists
                0x0000000000000359       0xb5 ./Drivers/STM32G0xx_HAL_Driver/Src/stm32g0xx_hal.o
 .debug_rnglists
                0x000000000000040e       0x97 ./Drivers/STM32G0xx_HAL_Driver/Src/stm32g0xx_hal_cortex.o
 .debug_rnglists
                0x00000000000004a5       0x3f ./Drivers/STM32G0xx_HAL_Driver/Src/stm32g0xx_hal_gpio.o
 .debug_rnglists
                0x00000000000004e4      0x21c ./Drivers/STM32G0xx_HAL_Driver/Src/stm32g0xx_hal_i2c.o
 .debug_rnglists
                0x0000000000000700       0x4f ./Drivers/STM32G0xx_HAL_Driver/Src/stm32g0xx_hal_i2c_ex.o
 .debug_rnglists
                0x000000000000074f       0x6d ./Drivers/STM32G0xx_HAL_Driver/Src/stm32g0xx_hal_pwr_ex.o
 .debug_rnglists
                0x00000000000007bc       0x9f ./Drivers/STM32G0xx_HAL_Driver/Src/stm32g0xx_hal_rcc.o
 .debug_rnglists
                0x000000000000085b       0x6c ./Drivers/STM32G0xx_HAL_Driver/Src/stm32g0xx_hal_rcc_ex.o
 .debug_rnglists
                0x00000000000008c7      0x353 ./Drivers/STM32G0xx_HAL_Driver/Src/stm32g0xx_hal_tim.o
 .debug_rnglists
                0x0000000000000c1a       0xf8 ./Drivers/STM32G0xx_HAL_Driver/Src/stm32g0xx_hal_tim_ex.o

.debug_macro    0x0000000000000000    0x161d3
 .debug_macro   0x0000000000000000      0x1f4 ./Core/Src/DS3231lib.o
 .debug_macro   0x00000000000001f4      0xa84 ./Core/Src/DS3231lib.o
 .debug_macro   0x0000000000000c78      0x11d ./Core/Src/DS3231lib.o
 .debug_macro   0x0000000000000d95       0x2e ./Core/Src/DS3231lib.o
 .debug_macro   0x0000000000000dc3       0x28 ./Core/Src/DS3231lib.o
 .debug_macro   0x0000000000000deb       0x22 ./Core/Src/DS3231lib.o
 .debug_macro   0x0000000000000e0d       0x8e ./Core/Src/DS3231lib.o
 .debug_macro   0x0000000000000e9b       0x51 ./Core/Src/DS3231lib.o
 .debug_macro   0x0000000000000eec      0x103 ./Core/Src/DS3231lib.o
 .debug_macro   0x0000000000000fef       0x6a ./Core/Src/DS3231lib.o
 .debug_macro   0x0000000000001059      0x1df ./Core/Src/DS3231lib.o
 .debug_macro   0x0000000000001238       0x1c ./Core/Src/DS3231lib.o
 .debug_macro   0x0000000000001254       0x22 ./Core/Src/DS3231lib.o
 .debug_macro   0x0000000000001276       0xd1 ./Core/Src/DS3231lib.o
 .debug_macro   0x0000000000001347      0x4da ./Core/Src/DS3231lib.o
 .debug_macro   0x0000000000001821      0x11f ./Core/Src/DS3231lib.o
 .debug_macro   0x0000000000001940     0xa0c5 ./Core/Src/DS3231lib.o
 .debug_macro   0x000000000000ba05       0x66 ./Core/Src/DS3231lib.o
 .debug_macro   0x000000000000ba6b     0x34fd ./Core/Src/DS3231lib.o
 .debug_macro   0x000000000000ef68      0x174 ./Core/Src/DS3231lib.o
 .debug_macro   0x000000000000f0dc       0x5c ./Core/Src/DS3231lib.o
 .debug_macro   0x000000000000f138      0x485 ./Core/Src/DS3231lib.o
 .debug_macro   0x000000000000f5bd      0xdcd ./Core/Src/DS3231lib.o
 .debug_macro   0x000000000001038a      0x106 ./Core/Src/DS3231lib.o
 .debug_macro   0x0000000000010490      0x1cf ./Core/Src/DS3231lib.o
 .debug_macro   0x000000000001065f       0xff ./Core/Src/DS3231lib.o
 .debug_macro   0x000000000001075e      0x33c ./Core/Src/DS3231lib.o
 .debug_macro   0x0000000000010a9a      0x202 ./Core/Src/DS3231lib.o
 .debug_macro   0x0000000000010c9c      0x2c7 ./Core/Src/DS3231lib.o
 .debug_macro   0x0000000000010f63      0x198 ./Core/Src/DS3231lib.o
 .debug_macro   0x00000000000110fb       0x43 ./Core/Src/DS3231lib.o
 .debug_macro   0x000000000001113e      0x1f1 ./Core/Src/DS3231lib.o
 .debug_macro   0x000000000001132f      0x1d6 ./Core/Src/DS3231lib.o
 .debug_macro   0x0000000000011505      0x2a3 ./Core/Src/DS3231lib.o
 .debug_macro   0x00000000000117a8       0x28 ./Core/Src/DS3231lib.o
 .debug_macro   0x00000000000117d0       0xcf ./Core/Src/DS3231lib.o
 .debug_macro   0x000000000001189f      0x22c ./Core/Src/DS3231lib.o
 .debug_macro   0x0000000000011acb       0x67 ./Core/Src/DS3231lib.o
 .debug_macro   0x0000000000011b32       0xa5 ./Core/Src/DS3231lib.o
 .debug_macro   0x0000000000011bd7       0xff ./Core/Src/DS3231lib.o
 .debug_macro   0x0000000000011cd6      0x10d ./Core/Src/DS3231lib.o
 .debug_macro   0x0000000000011de3      0xabb ./Core/Src/DS3231lib.o
 .debug_macro   0x000000000001289e       0xfa ./Core/Src/DS3231lib.o
 .debug_macro   0x0000000000012998      0x412 ./Core/Src/DS3231lib.o
 .debug_macro   0x0000000000012daa      0x2e1 ./Core/Src/EEPROM.o
 .debug_macro   0x000000000001308b       0x61 ./Core/Src/EEPROM.o
 .debug_macro   0x00000000000130ec       0x24 ./Core/Src/EEPROM.o
 .debug_macro   0x0000000000013110       0x43 ./Core/Src/EEPROM.o
 .debug_macro   0x0000000000013153       0x34 ./Core/Src/EEPROM.o
 .debug_macro   0x0000000000013187       0x16 ./Core/Src/EEPROM.o
 .debug_macro   0x000000000001319d       0x43 ./Core/Src/EEPROM.o
 .debug_macro   0x00000000000131e0       0x34 ./Core/Src/EEPROM.o
 .debug_macro   0x0000000000013214       0x10 ./Core/Src/EEPROM.o
 .debug_macro   0x0000000000013224       0x58 ./Core/Src/EEPROM.o
 .debug_macro   0x000000000001327c       0x8e ./Core/Src/EEPROM.o
 .debug_macro   0x000000000001330a       0x1c ./Core/Src/EEPROM.o
 .debug_macro   0x0000000000013326      0x177 ./Core/Src/EEPROM.o
 .debug_macro   0x000000000001349d      0x369 ./Core/Src/EEPROM.o
 .debug_macro   0x0000000000013806      0x19b ./Core/Src/EEPROM.o
 .debug_macro   0x00000000000139a1       0x16 ./Core/Src/EEPROM.o
 .debug_macro   0x00000000000139b7       0x35 ./Core/Src/EEPROM.o
 .debug_macro   0x00000000000139ec       0x20 ./Core/Src/EEPROM.o
 .debug_macro   0x0000000000013a0c      0x298 ./Core/Src/main.o
 .debug_macro   0x0000000000013ca4       0x10 ./Core/Src/main.o
 .debug_macro   0x0000000000013cb4       0x82 ./Core/Src/main.o
 .debug_macro   0x0000000000013d36       0x3a ./Core/Src/main.o
 .debug_macro   0x0000000000013d70       0x10 ./Core/Src/main.o
 .debug_macro   0x0000000000013d80       0x40 ./Core/Src/main.o
 .debug_macro   0x0000000000013dc0       0x10 ./Core/Src/main.o
 .debug_macro   0x0000000000013dd0      0x26d ./Core/Src/motor.o
 .debug_macro   0x000000000001403d      0x31f ./Core/Src/ssd1306.o
 .debug_macro   0x000000000001435c       0x5b ./Core/Src/ssd1306.o
 .debug_macro   0x00000000000143b7       0x94 ./Core/Src/ssd1306.o
 .debug_macro   0x000000000001444b       0x28 ./Core/Src/ssd1306.o
 .debug_macro   0x0000000000014473       0x57 ./Core/Src/ssd1306.o
 .debug_macro   0x00000000000144ca       0x16 ./Core/Src/ssd1306.o
 .debug_macro   0x00000000000144e0       0x16 ./Core/Src/ssd1306.o
 .debug_macro   0x00000000000144f6       0x29 ./Core/Src/ssd1306.o
 .debug_macro   0x000000000001451f       0x76 ./Core/Src/ssd1306_fonts.o
 .debug_macro   0x0000000000014595      0x1fc ./Core/Src/stm32g0xx_hal_msp.o
 .debug_macro   0x0000000000014791      0x206 ./Core/Src/stm32g0xx_it.o
 .debug_macro   0x0000000000014997      0x20b ./Core/Src/storeSettings.o
 .debug_macro   0x0000000000014ba2      0x1e4 ./Core/Src/system_stm32g0xx.o
 .debug_macro   0x0000000000014d86      0x202 ./Drivers/STM32G0xx_HAL_Driver/Src/stm32g0xx_hal.o
 .debug_macro   0x0000000000014f88      0x1e4 ./Drivers/STM32G0xx_HAL_Driver/Src/stm32g0xx_hal_cortex.o
 .debug_macro   0x000000000001516c      0x1eb ./Drivers/STM32G0xx_HAL_Driver/Src/stm32g0xx_hal_gpio.o
 .debug_macro   0x0000000000015357      0x2b0 ./Drivers/STM32G0xx_HAL_Driver/Src/stm32g0xx_hal_i2c.o
 .debug_macro   0x0000000000015607      0x1e4 ./Drivers/STM32G0xx_HAL_Driver/Src/stm32g0xx_hal_i2c_ex.o
 .debug_macro   0x00000000000157eb      0x1f6 ./Drivers/STM32G0xx_HAL_Driver/Src/stm32g0xx_hal_pwr_ex.o
 .debug_macro   0x00000000000159e1      0x220 ./Drivers/STM32G0xx_HAL_Driver/Src/stm32g0xx_hal_rcc.o
 .debug_macro   0x0000000000015c01      0x1fc ./Drivers/STM32G0xx_HAL_Driver/Src/stm32g0xx_hal_rcc_ex.o
 .debug_macro   0x0000000000015dfd      0x1ec ./Drivers/STM32G0xx_HAL_Driver/Src/stm32g0xx_hal_tim.o
 .debug_macro   0x0000000000015fe9      0x1ea ./Drivers/STM32G0xx_HAL_Driver/Src/stm32g0xx_hal_tim_ex.o

.debug_line     0x0000000000000000    0x190f2
 .debug_line    0x0000000000000000      0x8be ./Core/Src/DS3231lib.o
 .debug_line    0x00000000000008be      0xbd3 ./Core/Src/EEPROM.o
 .debug_line    0x0000000000001491     0x18d8 ./Core/Src/main.o
 .debug_line    0x0000000000002d69      0x999 ./Core/Src/motor.o
 .debug_line    0x0000000000003702     0x10f9 ./Core/Src/ssd1306.o
 .debug_line    0x00000000000047fb      0x430 ./Core/Src/ssd1306_fonts.o
 .debug_line    0x0000000000004c2b      0x8e3 ./Core/Src/stm32g0xx_hal_msp.o
 .debug_line    0x000000000000550e      0x855 ./Core/Src/stm32g0xx_it.o
 .debug_line    0x0000000000005d63      0x8ad ./Core/Src/storeSettings.o
 .debug_line    0x0000000000006610      0x852 ./Core/Src/system_stm32g0xx.o
 .debug_line    0x0000000000006e62       0x7b ./Core/Startup/startup_stm32g030f6px.o
 .debug_line    0x0000000000006edd      0xbf1 ./Drivers/STM32G0xx_HAL_Driver/Src/stm32g0xx_hal.o
 .debug_line    0x0000000000007ace      0xc66 ./Drivers/STM32G0xx_HAL_Driver/Src/stm32g0xx_hal_cortex.o
 .debug_line    0x0000000000008734      0xc8a ./Drivers/STM32G0xx_HAL_Driver/Src/stm32g0xx_hal_gpio.o
 .debug_line    0x00000000000093be     0x5671 ./Drivers/STM32G0xx_HAL_Driver/Src/stm32g0xx_hal_i2c.o
 .debug_line    0x000000000000ea2f      0xaea ./Drivers/STM32G0xx_HAL_Driver/Src/stm32g0xx_hal_i2c_ex.o
 .debug_line    0x000000000000f519      0xb08 ./Drivers/STM32G0xx_HAL_Driver/Src/stm32g0xx_hal_pwr_ex.o
 .debug_line    0x0000000000010021     0x13cc ./Drivers/STM32G0xx_HAL_Driver/Src/stm32g0xx_hal_rcc.o
 .debug_line    0x00000000000113ed      0xcb8 ./Drivers/STM32G0xx_HAL_Driver/Src/stm32g0xx_hal_rcc_ex.o
 .debug_line    0x00000000000120a5     0x4f9c ./Drivers/STM32G0xx_HAL_Driver/Src/stm32g0xx_hal_tim.o
 .debug_line    0x0000000000017041     0x20b1 ./Drivers/STM32G0xx_HAL_Driver/Src/stm32g0xx_hal_tim_ex.o

.debug_str      0x0000000000000000    0x87a1e
 .debug_str     0x0000000000000000    0x7f69c ./Core/Src/DS3231lib.o
                                      0x7fc2c (size before relaxing)
 .debug_str     0x000000000007f69c     0x3a9f ./Core/Src/EEPROM.o
                                      0x8364a (size before relaxing)
 .debug_str     0x000000000008313b      0xf2b ./Core/Src/main.o
                                      0x80f47 (size before relaxing)
 .debug_str     0x0000000000084066       0x4f ./Core/Src/motor.o
                                      0x7fe89 (size before relaxing)
 .debug_str     0x00000000000840b5      0x408 ./Core/Src/ssd1306.o
                                      0x83c1b (size before relaxing)
 .debug_str     0x00000000000844bd       0x5f ./Core/Src/ssd1306_fonts.o
                                       0x3da1 (size before relaxing)
 .debug_str     0x000000000008451c      0x162 ./Core/Src/stm32g0xx_hal_msp.o
                                      0x804ed (size before relaxing)
 .debug_str     0x000000000008467e       0xd3 ./Core/Src/stm32g0xx_it.o
                                      0x7fe6f (size before relaxing)
 .debug_str     0x0000000000084751       0x36 ./Core/Src/storeSettings.o
                                      0x7f83b (size before relaxing)
 .debug_str     0x0000000000084787       0x8e ./Core/Src/system_stm32g0xx.o
                                      0x7f6db (size before relaxing)
 .debug_str     0x0000000000084815       0x34 ./Core/Startup/startup_stm32g030f6px.o
                                         0x87 (size before relaxing)
 .debug_str     0x0000000000084849      0x468 ./Drivers/STM32G0xx_HAL_Driver/Src/stm32g0xx_hal.o
                                      0x7fd66 (size before relaxing)
 .debug_str     0x0000000000084cb1      0x249 ./Drivers/STM32G0xx_HAL_Driver/Src/stm32g0xx_hal_cortex.o
                                      0x7fae7 (size before relaxing)
 .debug_str     0x0000000000084efa       0xe1 ./Drivers/STM32G0xx_HAL_Driver/Src/stm32g0xx_hal_gpio.o
                                      0x7f802 (size before relaxing)
 .debug_str     0x0000000000084fdb      0xdb1 ./Drivers/STM32G0xx_HAL_Driver/Src/stm32g0xx_hal_i2c.o
                                      0x80a9c (size before relaxing)
 .debug_str     0x0000000000085d8c       0xb8 ./Drivers/STM32G0xx_HAL_Driver/Src/stm32g0xx_hal_i2c_ex.o
                                      0x7fd36 (size before relaxing)
 .debug_str     0x0000000000085e44      0x221 ./Drivers/STM32G0xx_HAL_Driver/Src/stm32g0xx_hal_pwr_ex.o
                                      0x7f92f (size before relaxing)
 .debug_str     0x0000000000086065      0x345 ./Drivers/STM32G0xx_HAL_Driver/Src/stm32g0xx_hal_rcc.o
                                      0x7fccc (size before relaxing)
 .debug_str     0x00000000000863aa      0x185 ./Drivers/STM32G0xx_HAL_Driver/Src/stm32g0xx_hal_rcc_ex.o
                                      0x7fa17 (size before relaxing)
 .debug_str     0x000000000008652f      0xe71 ./Drivers/STM32G0xx_HAL_Driver/Src/stm32g0xx_hal_tim.o
                                      0x80bff (size before relaxing)
 .debug_str     0x00000000000873a0      0x67e ./Drivers/STM32G0xx_HAL_Driver/Src/stm32g0xx_hal_tim_ex.o
                                      0x8059d (size before relaxing)

.debug_frame    0x0000000000000000     0x293c
 .debug_frame   0x0000000000000000       0x7c ./Core/Src/DS3231lib.o
 .debug_frame   0x000000000000007c       0xec ./Core/Src/EEPROM.o
 .debug_frame   0x0000000000000168      0x210 ./Core/Src/main.o
 .debug_frame   0x0000000000000378       0x68 ./Core/Src/motor.o
 .debug_frame   0x00000000000003e0      0x230 ./Core/Src/ssd1306.o
 .debug_frame   0x0000000000000610       0x8c ./Core/Src/stm32g0xx_hal_msp.o
 .debug_frame   0x000000000000069c       0x98 ./Core/Src/stm32g0xx_it.o
 .debug_frame   0x0000000000000734       0x50 ./Core/Src/storeSettings.o
 .debug_frame   0x0000000000000784       0x38 ./Core/Src/system_stm32g0xx.o
 .debug_frame   0x00000000000007bc      0x214 ./Drivers/STM32G0xx_HAL_Driver/Src/stm32g0xx_hal.o
 .debug_frame   0x00000000000009d0      0x11c ./Drivers/STM32G0xx_HAL_Driver/Src/stm32g0xx_hal_cortex.o
 .debug_frame   0x0000000000000aec       0xd0 ./Drivers/STM32G0xx_HAL_Driver/Src/stm32g0xx_hal_gpio.o
 .debug_frame   0x0000000000000bbc      0x88c ./Drivers/STM32G0xx_HAL_Driver/Src/stm32g0xx_hal_i2c.o
 .debug_frame   0x0000000000001448       0xb0 ./Drivers/STM32G0xx_HAL_Driver/Src/stm32g0xx_hal_i2c_ex.o
 .debug_frame   0x00000000000014f8      0x140 ./Drivers/STM32G0xx_HAL_Driver/Src/stm32g0xx_hal_pwr_ex.o
 .debug_frame   0x0000000000001638      0x178 ./Drivers/STM32G0xx_HAL_Driver/Src/stm32g0xx_hal_rcc.o
 .debug_frame   0x00000000000017b0       0x9c ./Drivers/STM32G0xx_HAL_Driver/Src/stm32g0xx_hal_rcc_ex.o
 .debug_frame   0x000000000000184c      0xaec ./Drivers/STM32G0xx_HAL_Driver/Src/stm32g0xx_hal_tim.o
 .debug_frame   0x0000000000002338      0x4c8 ./Drivers/STM32G0xx_HAL_Driver/Src/stm32g0xx_hal_tim_ex.o
 .debug_frame   0x0000000000002800       0x40 C:/ST/STM32CubeIDE_1.9.0/STM32CubeIDE/plugins/com.st.stm32cube.ide.mcu.externaltools.gnu-tools-for-stm32.11.3.rel1.win32_1.1.100.202309141235/tools/bin/../lib/gcc/arm-none-eabi/11.3.1/../../../../arm-none-eabi/lib/thumb/v6-m/nofp\libc_nano.a(libc_a-itoa.o)
 .debug_frame   0x0000000000002840       0x48 C:/ST/STM32CubeIDE_1.9.0/STM32CubeIDE/plugins/com.st.stm32cube.ide.mcu.externaltools.gnu-tools-for-stm32.11.3.rel1.win32_1.1.100.202309141235/tools/bin/../lib/gcc/arm-none-eabi/11.3.1/../../../../arm-none-eabi/lib/thumb/v6-m/nofp\libc_nano.a(libc_a-utoa.o)
 .debug_frame   0x0000000000002888       0x20 C:/ST/STM32CubeIDE_1.9.0/STM32CubeIDE/plugins/com.st.stm32cube.ide.mcu.externaltools.gnu-tools-for-stm32.11.3.rel1.win32_1.1.100.202309141235/tools/bin/../lib/gcc/arm-none-eabi/11.3.1/../../../../arm-none-eabi/lib/thumb/v6-m/nofp\libc_nano.a(libc_a-memset.o)
 .debug_frame   0x00000000000028a8       0x2c C:/ST/STM32CubeIDE_1.9.0/STM32CubeIDE/plugins/com.st.stm32cube.ide.mcu.externaltools.gnu-tools-for-stm32.11.3.rel1.win32_1.1.100.202309141235/tools/bin/../lib/gcc/arm-none-eabi/11.3.1/../../../../arm-none-eabi/lib/thumb/v6-m/nofp\libc_nano.a(libc_a-init.o)
 .debug_frame   0x00000000000028d4       0x28 C:/ST/STM32CubeIDE_1.9.0/STM32CubeIDE/plugins/com.st.stm32cube.ide.mcu.externaltools.gnu-tools-for-stm32.11.3.rel1.win32_1.1.100.202309141235/tools/bin/../lib/gcc/arm-none-eabi/11.3.1/../../../../arm-none-eabi/lib/thumb/v6-m/nofp\libc_nano.a(libc_a-memcpy-stub.o)
 .debug_frame   0x00000000000028fc       0x20 C:/ST/STM32CubeIDE_1.9.0/STM32CubeIDE/plugins/com.st.stm32cube.ide.mcu.externaltools.gnu-tools-for-stm32.11.3.rel1.win32_1.1.100.202309141235/tools/bin/../lib/gcc/arm-none-eabi/11.3.1/thumb/v6-m/nofp\libgcc.a(_udivsi3.o)
 .debug_frame   0x000000000000291c       0x20 C:/ST/STM32CubeIDE_1.9.0/STM32CubeIDE/plugins/com.st.stm32cube.ide.mcu.externaltools.gnu-tools-for-stm32.11.3.rel1.win32_1.1.100.202309141235/tools/bin/../lib/gcc/arm-none-eabi/11.3.1/thumb/v6-m/nofp\libgcc.a(_divsi3.o)

.debug_line_str
                0x0000000000000000       0x7b
 .debug_line_str
                0x0000000000000000       0x7b ./Core/Startup/startup_stm32g030f6px.o
                                         0x93 (size before relaxing)
