../Core/Src/main.c:270:6:SystemClock_Config	80	static,ignoring_inline_asm
../Core/Src/main.c:723:6:menuStart	8	static
../Core/Src/main.c:759:6:printGear	16	static
../Core/Src/main.c:592:6:menuSettings	24	static
../Core/Src/main.c:768:6:printMealType	16	static
../Core/Src/main.c:791:6:printMealStatus	24	static
../Core/Src/main.c:855:9:mealCheck	8	static
../Core/Src/main.c:877:6:PrintNumber	16	dynamic
../Core/Src/main.c:451:6:menuSetTime	16	static
../Core/Src/main.c:504:6:menuSetType	16	static
../Core/Src/main.c:735:6:printTime	32	static
../Core/Src/main.c:808:6:printMealTime	32	static
../Core/Src/main.c:556:6:menuSetMeal	8	static
../Core/Src/main.c:651:6:menuMain	32	static
../Core/Src/main.c:101:5:main	88	static,ignoring_inline_asm
../Core/Src/main.c:886:6:HAL_TIM_PeriodElapsedCallback	8	static
../Core/Src/main.c:894:6:HAL_GPIO_EXTI_Rising_Callback	8	static
../Core/Src/main.c:1261:6:Error_Handler	0	static,ignoring_inline_asm
